Open Watcom Linker Version 1.9
Portions Copyright (c) 1985-2002 Sybase, Inc. All Rights Reserved.
Created on:       24/02/18 23:47:47
Executable Image: test.exe
creating a Windows NT character-mode executable


                        +------------+
                        |   Groups   |
                        +------------+

Group                           Address              Size
=====                           =======              ====

.idata                          00415000             00000786
DGROUP                          00416000             000130f0



                        +--------------+
                        |   Segments   |
                        +--------------+

Segment                Class          Group          Address         Size
=======                =====          =====          =======         ====

BEGTEXT                CODE           AUTO           00401000        00000007
_TEXT                  CODE           AUTO           00401010        000134b8
TRANSFER CODE          CODE           AUTO           004144c8        0000019e
.idata                 .idata         .idata         00415000        00000786
_NULL                  BEGDATA        DGROUP         00416000        00000004
_AFTERNULL             BEGDATA        DGROUP         00416004        00000000
CONST                  DATA           DGROUP         00416010        000001dc
_DATA                  DATA           DGROUP         004161f0        00000ff8
CONST2                 DATA           DGROUP         004171e8        00000000
XIB                    DATA           DGROUP         004171e8        00000000
XI                     DATA           DGROUP         004171e8        0000004e
XIE                    DATA           DGROUP         00417236        00000000
YIB                    DATA           DGROUP         00417236        00000000
YI                     DATA           DGROUP         00417236        00000030
YIE                    DATA           DGROUP         00417266        00000000
DATA32                 DATA           DGROUP         00417268        00000134
TIB                    DATA           DGROUP         0041739c        00000000
TI                     DATA           DGROUP         0041739c        00000000
TIE                    DATA           DGROUP         0041739c        00000000
DATA                   DATA           DGROUP         0041739c        00000000
CONST32                CONST          DGROUP         00418000        00000000
_BSS                   BSS            DGROUP         00418000        000010e8
BSS32                  BSS            DGROUP         004190e8        00000000
STACK                  STACK          DGROUP         004190f0        00010000


                        +----------------+
                        |   Memory Map   |
                        +----------------+

* = unreferenced symbol
+ = symbol only referenced locally

Address        Symbol
=======        ======

Module: testcode.obj(C:\Users\dmitr\OneDrive\Desktop\Документы\pv\testcode.for)
00401010       FMAIN
00401031+      MENU
00401194+      INPUT
004011e6+      MINANGLE
0040126e+      MINCOS
Module: C:\WATCOM/lib386/nt\flib7.lib(pause.c)
004012b0       RT@Pause
00416238*      LG@PAUSE_HOOK
Module: C:\WATCOM/lib386/nt\flib7.lib(setfmt.c)
00401300       RT@SetFmt
Module: C:\WATCOM/lib386/nt\flib7.lib(cowrite)
00401320       RT@IOWrite
0040132f*      RT@OutLOG1
00401341*      RT@OutLOG4
0040134f*      RT@OutINT1
00401361*      RT@OutINT2
00401371*      RT@OutINT4
00401380*      RT@OutREAL
00401390       RT@OutDBLE
004013a0*      RT@OutXTND
004013b0*      RT@OutCPLX
004013c6*      RT@OutDBCX
004013dc*      RT@OutXTCX
004013f2       RT@OutCHAR
004013f7*      RT@OutSTR
004013fc*      RT@PrtArr
00401401*      RT@PrtChArr
Module: C:\WATCOM/lib386/nt\flib7.lib(cortns)
0041623c*      _FRT_SaveESP
00401411*      SwitchToGen
0040142f       SwitchToRT
0040144d       RdWrCommon
004014f1       IOType_
0040150f       IOChar
0040152a       IOStr
0040153f       IOArr
0040155a       IOChArr
0040157c       RT@EndIO
Module: C:\WATCOM/lib386/nt\flib7.lib(coread)
00401586       RT@IORead
00401595*      RT@InpLOG1
004015a4*      RT@InpLOG4
004015b3*      RT@InpINT1
004015c2*      RT@InpINT2
004015d1       RT@InpINT4
004015e0*      RT@InpREAL
004015ef       RT@InpDBLE
004015fe*      RT@InpXTND
0040160d*      RT@InpCPLX
0040161c*      RT@InpDBCX
0040162b*      RT@InpXTCX
0040163a*      RT@InpCHAR
0040163f*      RT@InpSTR
00401644*      RT@InpArr
00401649*      RT@InpChArr
Module: C:\WATCOM/lib386/nt\flib7.lib(stop.c)
00401670       RT@Stop
0041625c+      LG@STOP_HOOK
Module: C:\WATCOM/lib386\math387r.lib(trig87)
0040172d*      sin_
00401721*      cos_
0040174e*      tan_
004016e0*      IF@COS
004016e0       IF@DCOS
004016ea*      IF@SIN
004016ea*      IF@DSIN
00401739*      IF@TAN
00401739*      IF@DTAN
Module: C:\WATCOM/lib386/nt\clib3r.lib(cstrtwnt)
0040175a       _cstart_
0040175a*      mainCRTStartup
Module: C:\WATCOM/lib386/nt\clib3r.lib(_8087)
0041626c       __8087
0041626d       __real87
Module: C:\WATCOM/lib386/nt\emu387.lib(386)
004017b8       __init_387_emulator
004017b9*      __fini_387_emulator
Module: C:\WATCOM/lib386/nt\flib7.lib(initeng.c)
00418000       __init_english
Module: C:\WATCOM/lib386/nt\flib7.lib(initerr.c)
00418004       __init_error
Module: C:\WATCOM/lib386/nt\flib7.lib(rtinit.c)
00416270       ___FAppType
00416274       __ExceptionInit
00416278       __ExceptionFini
004017d0*      __InitFThreadData_
00401810+      RTSysFini_
00401820       RTSysInit_
00416280       __AccessFIO
00416284       __ReleaseFIO
00416288       __PartialReleaseFIO
00418008       ___FThreadDataOffset
00417206*      ___fthread_data_size
Module: C:\WATCOM/lib386/nt\flib7.lib(rtsysutl.c)
00401880       GetSysIOInfo_
004018a0       GetSysFileInfo_
004018d0*      IsDevice_
00401aa0       OpenAction_
00401ae0*      DfltRecType_
00401b00+      _FileAttrs_
00401bc0       CloseFile_
00401c30       Scrtched_
00401c50*      CloseDeleteFile_
00401ca0       Errf_
00401cc0       FPutBuff_
00401d30       FGetBuff_
00401d80       SeekFile_
00401da0       NoEOF_
00401db0       SysClearEOF_
00401dc0*      SameFile_
00401dd0*      Rewindf_
00401df0*      SysCreateFile_
00401e30       CheckLogicalRecord_
00401e50       SkipLogicalRecord_
00401e70*      BackSpacef_
00401ea0*      EndFilef_
00401ee0       GetIOErrMsg_
00401f20       ReportNExist_
00401f40       ReportEOF_
00401f50       WaitForEnter_
Module: C:\WATCOM/lib386/nt\flib7.lib(rterr.c)
0041628c+      _TraceRoutine
00401f80       FlushStdUnit_
00401fd0+      WriteErr_
004020a0       ErrHandler_
004020e0       RTErr_
00416298+      LG@ERR_HOOK
Module: C:\WATCOM/lib386/nt\flib7.lib(stdio.c)
00402120       StdBuffer_
00402140       StdWrite_
00402220       StdFlush_
00402250       StdWriteNL_
Module: C:\WATCOM/lib386/nt\flib7.lib(setiocb.c)
00402280       RT@SetIOCB
Module: C:\WATCOM/lib386/nt\flib7.lib(rdata.c)
00418010       _IORslt
00418020       _FmtBuff
00418024*      _Fmt_revert
00418028*      _Fmt_start
0041802c*      _Fmt_paren_level
00418030*      _Fmt_charptr
00418034*      _FmtEmStruct
00418038       _IOTypeRtn
0041803c*      _Fmt_end
00418040*      _Fmt_rep_spec
00418044       _FmtRoutine
00418048       _IOCB
0041804c       _Files
00418050*      _Fmt_delimited
Module: C:\WATCOM/lib386/nt\flib7.lib(rfmtexec.c)
00402c40       R_FExec_
Module: C:\WATCOM/lib386/nt\flib7.lib(exwrite.c)
00402ce0       DoWrite_
Module: C:\WATCOM/lib386/nt\flib7.lib(iomain.c)
00402d10       __ReleaseIOSys_
00402d30       IOMain_
Module: C:\WATCOM/lib386/nt\clib3r.lib(crwdata)
004166e8       __osmajor
004166e9       __osminor
004166ea       __osbuild
004166ec       __osver
004166f0       __winmajor
004166f4       __winminor
004166f8       __winver
004166b4       __LpDllName
004166b8       __LpwCmdLine
004166bc       __LpwPgmName
004166c0       __LpwDllName
004166ac       __LpCmdLine
004166b0       __LpPgmName
004166a4*      __dynend
004166a8       __curbrk
004166c4*      __STACKLOW
004166c8       __STACKTOP
004166cc       __ASTACKSIZ
004166d0       __ASTACKPTR
004166d4*      __cbyte
004166d8*      __cbyte2
004166dc*      __child
004166e2       __Envptr
004166e6*      __Envseg
004166e0       __no87
004166fc       ___FPE_handler
Module: C:\WATCOM/lib386/nt\flib7.lib(thrdutil.c)
00402f40*      __InitMultiThreadIO_
00416704       ___SwitchStkLow
Module: C:\WATCOM/lib386/nt\flib7.lib(exread.c)
00402fd0       DoRead_
Module: C:\WATCOM/lib386/nt\clib3r.lib(mainwnt.c)
00416708       ___TlsIndex
0041670c       ___FirstThreadData
00416710       ___GetThreadPtr
00416714       __AccessFileH
00416718       __ReleaseFileH
0041671c       __AccessIOB
00416720       __ReleaseIOB
00416724       __AccessNHeap
00416728       __AccessFHeap
0041672c       __ReleaseNHeap
00403010*      __threadid_
00403030+      __sig_null_rtn_
00403040+      __NTInit_
00403220+      __NTFini_
00403280       __NTMainInit_
004032e0       __exit_
00416730       __ReleaseFHeap
00416734       __AccessTDList
00416738       __ReleaseTDList
0041673c       __AccessFList
00416740       __ReleaseFList
00416744       __ThreadExitRtn
00416748       ___sig_init_rtn
0041674c       ___sig_fini_rtn
00416750       ___process_fini
00418060       ___Is_DLL
Module: C:\WATCOM/lib386/nt\flib7.lib(spawn.c)
00403330       Spawn_
00403390       Suicide_
Module: C:\WATCOM/lib386/nt\flib7.lib(runmain.c)
004033d0*      __InitUnit6CC_
004033e0       __DevicesCC_
004033f0*      __InitAllowCommaSeparator_
00403400       __AllowCommaSep_
00403410+      _InitIO_
00403480+      CloseAllFiles_
004034c0*      _FiniEx_
004034c0       RunExit_
00403500       RunEntry_
Module: C:\WATCOM/lib386/nt\clib3r.lib(chipvar)
00416758       ___chipbug
00416758       __chipbug
Module: C:\WATCOM/lib386/nt\clib3r.lib(chipt32.asm)
00403530       __fptan_chk
Module: C:\WATCOM/lib386/nt\clib3r.lib(main2wnt.c)
004035f0       __NTMain
Module: C:\WATCOM/lib386/nt\clib3r.lib(segdefns)
00401003       ___begtext
00416000*      __nullarea
004171e8       __Start_XI
00417236       __End_XI
00417236       __Start_YI
00417266       __End_YI
Module: C:\WATCOM/lib386/nt\clib3r.lib(chk8087.c)
00403670*      _fpreset_
004036b0       __chk8087_
004036c0*      __init_8087_
Module: C:\WATCOM/lib386/nt\flib7.lib(english.c)
00403710       __UseEnglishCharSet_
Module: C:\WATCOM/lib386/nt\flib7.lib(errincl.c)
00403820       __InitError_
0041675c+      _PGroupTable
00416760+      _PErrWord
Module: C:\WATCOM/lib386/nt\flib7.lib(rttraps.c)
00403930       __EnableF77RTExceptionHandling_
00403940       R_TrapInit_
004039d0       R_TrapFini_
004039e0*      __InitExceptionVectors_
Module: C:\WATCOM/lib386/nt\flib7.lib(errrtns.c)
0041867c       ___ErrorFini
00418680       ___ErrorInit
00418684       ___BldErrMsg
Module: C:\WATCOM/lib386/nt\clib3r.lib(nodefwin.c)
00416764*      __WindowsIsWindowedHandle
00416768*      __WindowsRemoveWindowedHandle
0041676c*      __WindowsNewWindow
00416770*      __WindowsCloseWindow
00416774*      __WindowsSetAbout
00416778*      __WindowsSetAppTitle
0041677c*      __WindowsSetConTitle
00416780*      __WindowsDestroyOnClose
00416784*      __WindowsYieldControl
00416788*      __WindowsShutDown
0041678c*      __WindowsStdin
00416790       __WindowsStdout
00416794*      __WindowsKbhit
00416798*      __WindowsGetch
0041679c*      __WindowsGetche
004167a0*      __WindowsPutch
00403a00*      _dwShutDown_
00403a00*      _dwYield_
00403a00*      _dwSetConTitle_
00403a00*      _dwSetAppTitle_
00403a00*      _dwSetAboutDlg_
00403a00       _dwDeleteOnClose_
004167a4*      __WindowsExitRtn
00418688*      __init_default_win
Module: C:\WATCOM/lib386/nt\clib3r.lib(atexit.c)
00403a03       atexit_
Module: C:\WATCOM/lib386/nt\clib3r.lib(regdata.c)
00403a60       __RegisterThreadDataSize_
Module: C:\WATCOM/lib386/nt\clib3r.lib(accsswnt.c)
00403a90       access_
Module: C:\WATCOM/lib386/nt\clib3r.lib(fullpath.c)
00403ad0+      _sys_fullpath_
00403b50       _fullpath_
Module: C:\WATCOM/lib386/nt\flib7.lib(rmemmgr.c)
00403bc0       RMemAlloc_
00403bd0       RMemFree_
Module: C:\WATCOM/lib386/nt\clib3r.lib(fstatwnt.c)
00403be0       fstat_
Module: C:\WATCOM/lib386/nt\flib7.lib(poserr.c)
00403f40       Errorf_
00403f60*      EOFile_
00403f80       ErrorMsg_
00403fc0       FSetTrunc_
00403fd0       FSetSysErr_
00403ff0       FSetErr_
00404010       FSetEof_
00404030       IOOk_
Module: C:\WATCOM/lib386/nt\flib7.lib(ioerr.c)
00404080       IOErr_
Module: C:\WATCOM/lib386/nt\clib3r.lib(statwnt.c)
00404217       stat_
Module: C:\WATCOM/lib386/nt\flib7.lib(posopen.c)
00404450       InitStd_
00404510       SetIOBufferSize_
00404530+      _AllocFile_
00404620       Openf_
00404710       Closef_
Module: C:\WATCOM/lib386/nt\flib7.lib(posdat.c)
00416990       _FStdIn
00416994       _FStdOut
00416998       _FStdErr
Module: C:\WATCOM/lib386/nt\flib7.lib(posflush.c)
00404790       FlushBuffer_
Module: C:\WATCOM/lib386/nt\flib7.lib(rtutls.c)
00404860       FindFtnFile_
00404950       RChkAlloc_
00404980       F_Connect_
00404a00       ConnectFile_
00404a10*      GetFileInfo_
00404b00       DiscoFile_
00404b70*      ChkFileName_
00404ba0+      ChkLogFile_
00404be0       ChkIOOperation_
00404c20       GetIOErr_
00404c30       ChkIOErr_
00404c50       ChkUnitId_
00404c90*      ChkConnected_
00404cb0       SetEOF_
00404ce0       ClearEOF_
00404d20       SysEOF_
00404d50       IsFixed_
00404d60       IsCarriage_
00404d70*      ChkRecordStructure_
00404da0*      ChkSequential_
00404dc0*      ChkExist_
00404df0*      StrItem_
Module: C:\WATCOM/lib386/nt\flib7.lib(posdel.c)
00404e20       Scratchf_
Module: C:\WATCOM/lib386/nt\flib7.lib(posput.c)
00404e40       FPutRec_
00404e80       ChopFile_
00404ed0*      PutRec_
00404ff0       writebytes_
00405070       SysWrite_
Module: C:\WATCOM/lib386/nt\flib7.lib(posget.c)
004051b0       readbytes_
00405280       SysRead_
004056f0       FGetRec_
00405720*      GetRec_
00405740       GetStdChar_
00405790       FCheckLogical_
00405810       FSkipLogical_
004058e0*      FGetVarRecLen_
Module: C:\WATCOM/lib386/nt\flib7.lib(posseek.c)
004059d0       FSeekRec_
00405a10       CurrFileOffset_
00405a10       FGetFilePos_
00405a30       SysSeek_
00405c20*      FSeekAbs_
Module: C:\WATCOM/lib386/nt\clib3r.lib(stricmp.c)
00405c30       stricmp_
Module: C:\WATCOM/lib386/nt\flib7.lib(posrew.c)
00405c70       FRewind_
Module: C:\WATCOM/lib386/nt\flib7.lib(posback.c)
00405ce0       FBackspace_
Module: C:\WATCOM/lib386/nt\flib7.lib(postrunc.c)
00405dc0       FTruncate_
Module: C:\WATCOM/lib386/nt\clib3r.lib(errno.c)
00405de0       __get_errno_ptr_
00405df0*      __get_doserrno_ptr_
Module: C:\WATCOM/lib386/nt\flib7.lib(errutil.c)
00405e00       BldErrCode_
00405e60*      MsgFormat_
00405e90*      MsgBuffer_
0041699c+      _PGrpCodes
Module: C:\WATCOM/lib386/nt\clib3r.lib(enterdb.c)
00405ec0       __EnterWVIDEO_
004169a0       ___WD_Present
Module: C:\WATCOM/lib386/nt\clib3r.lib(iob.c)
004169a4       ___iob
00416bac       __fmode
00418710       ___OpenStreams
00418714       ___ClosedStreams
Module: C:\WATCOM/lib386/nt\clib3r.lib(setmd.c)
00405ef0       setmode_
Module: C:\WATCOM/lib386/nt\clib3r.lib(write.c)
00406230       write_
Module: C:\WATCOM/lib386/nt\flib7.lib(ioinit.c)
004064a0       IOSysInit_
Module: C:\WATCOM/lib386/nt\flib7.lib(wrutils.c)
004064d0       F_SendData_
00406530*      SendLine_
00406540       SendEOR_
004065d0*      SendInt_
00406600       SendStr_
00406620+      SendWSLStr_
00406640       SendChar_
00406660       Drop_
00406820       IOItemResult_
Module: C:\WATCOM/lib386/nt\flib7.lib(rfmtutil.c)
004068d0       R_ChkType_
00406900       R_NewRec_
00406940       R_ChkIType_
00406970       R_ChkFType_
004069a0       R_ChkRecLen_
004069c0+      GetLen_
00406a00       R_FOStr_
00406a10*      FOString_
00406a80       R_FIStr_
00406b40       R_FOLog_
00406b90       R_FILog_
00406c70       R_FIFloat_
00406e60       GetReal_
00406f70       R_FOF_
00406ff0       R_FOE_
00407130+      FmtH2B_
00407220       R_FIHex_
004073a0       R_FOHex_
004073b0*      FOHex_
004074b0       R_FIInt_
004075c0       R_FOInt_
00407820       R_FOG_
00407aa0+      ChkBuffLen_
Module: C:\WATCOM/lib386/nt\flib7.lib(arrayio.c)
00407b60       ArrayIOType_
Module: C:\WATCOM/lib386/nt\flib7.lib(rdwr.c)
00407be0+      DoOpen_
00407c10+      _AllocBuffer_
00407c50       IOPrologue_
00407e90       UpdateRecNum_
Module: C:\WATCOM/lib386/nt\flib7.lib(unfmtout.c)
00407fb0       UnFmtOut_
Module: C:\WATCOM/lib386/nt\flib7.lib(freeout.c)
00408400       FreeOut_
00416bb4+      _OutRtn
Module: C:\WATCOM/lib386/nt\flib7.lib(unfmtin.c)
004084e0       UnFmtIn_
00408580+      NextUnFmtRec_
Module: C:\WATCOM/lib386/nt\flib7.lib(freein.c)
00408960+      GetNum_
00408b60       FreeIn_
00408b70*      DoFreeIn_
00408ba0+      BumpComma_
00408bd0+      Blanks_
00408bf0+      CheckEor_
Module: C:\WATCOM/lib386/nt\clib3r.lib(hdlman.c)
00416be8+      ___NHandles
00416bec+      ___OSHandles
00416bf0+      ___FakeHandles
00409200+      __growPOSIXHandles_
004092a0       __allocPOSIXHandle_
00409360       __freePOSIXHandle_
00409380       __getOSHandle_
00409390       __setOSHandle_
004093e0+      __NTGetFakeHandle_
00409450       __initPOSIXHandles_
00409530*      __set_handles_
00409540*      _grow_handles_
Module: C:\WATCOM/lib386/nt\clib3r.lib(environ.c)
00418718       ___env_mask
0041871c       _environ
00418720       __wenviron
Module: C:\WATCOM/lib386/nt\clib3r.lib(getmodfn.c)
00409580       __lib_GetModuleFileNameW_
Module: C:\WATCOM/lib386/nt\clib3r.lib(strdup.c)
00409620       __clib_strdup_
Module: C:\WATCOM/lib386/nt\clib3r.lib(istable.c)
00409660       __IsTable
Module: C:\WATCOM/lib386/nt\clib3r.lib(ustrdup.c)
00409761       __clib_wcsdup_
Module: C:\WATCOM/lib386/nt\clib3r.lib(nfree.c)
00409790       _nfree_
00409790       free_
00418724       ___MiniHeapFreeRover
Module: C:\WATCOM/lib386/nt\clib3r.lib(excptwnt.c)
00409f00+      ___ReportException@4
0040a350       __DefaultExceptionHandler_
0040a390+      ___ExceptionFilter
0040a5a0       __NewExceptionFilter_
0040a5d0       __DoneExceptionFilter_
00416bfc       ___oscode_check_func
00416c00       ___raise_func
00418728*      _sw
0041872c       ___ExceptionHandled
0041872d+      ___ReportInvoked
Module: C:\WATCOM/lib386/nt\clib3r.lib(stklmwnt.c)
0040a610       __init_stack_limits_
Module: C:\WATCOM/lib386/nt\clib3r.lib(initrtns.c)
0040a690       __InitRtns
0040a6e0       __FiniRtns
Module: C:\WATCOM/lib386/nt\clib3r.lib(setjmp)
0040a734       _setjmp_
0040a76d       longjmp_
Module: C:\WATCOM/lib386/nt\clib3r.lib(exit.c)
0040a7f5+      __null_int23_exit_
0040a7f6       exit_
0040a846*      _exit_
00416c18+      ___int23_exit
00416c1c+      ___FPE_handler_exit
Module: C:\WATCOM/lib386/nt\clib3r.lib(chipbug.c)
0040a860       __verify_pentium_fdiv_bug_
Module: C:\WATCOM/lib386/nt\clib3r.lib(mthrdini.c)
0040a8c0       __InitThreadData_
00416c20       ___ThreadDataSize
Module: C:\WATCOM/lib386/nt\clib3r.lib(memset.c)
0040a8f0       memset_
Module: C:\WATCOM/lib386/nt\clib3r.lib(cmain386.c)
0040a910       __CMain
Module: C:\WATCOM/lib386/nt\clib3r.lib(dosseg)
00001234       __DOSseg__
Module: C:\WATCOM/lib386/nt\clib3r.lib(8087cw.c)
00416c24       __8087cw
Module: C:\WATCOM/lib386/nt\clib3r.lib(save8087.c)
00416c28       ___Save8087
00416c2c       ___Rest8087
Module: C:\WATCOM/lib386/nt\clib3r.lib(init8087)
0040a954       __x87id
Module: C:\WATCOM/lib386/nt\flib7.lib(csetinfo.c)
00418730       _CharSetInfo
Module: C:\WATCOM/lib386/nt\flib7.lib(errmsg.c)
0040acc0       _GroupTable
0040ad70       _ErrWord
Module: C:\WATCOM/lib386/nt\flib7.lib(blderr.c)
0040b420       Substitute_
0040b5e0       ErrCodOrg_
Module: C:\WATCOM/lib386/nt\clib3r.lib(signlwnt.c)
00416c30+      __SignalTable
0040b5f0+      __SetSignalFunc_
0040b640+      __GetSignalFunc_
0040b670+      __GetSignalOSCode_
0040b6a0+      __CheckSignalExCode_
0040b7e0+      __sigabort_
0040b7f0       __sigfpe_handler_
0040b840       signal_
0040b8d0+      raise_
0040b940+      __SigInit_
0040b990+      __SigFini_
0040b9d0+      __sig_init_
Module: C:\WATCOM/lib386/nt\flib7.lib(fptraps.c)
0040bab0*      __MaskDefaultFPE_
0040bad0       FPTrapInit_
0040bb00       FPTrapFini_
Module: C:\WATCOM/lib386/nt\clib3r.lib(trdlist.c)
0040bb70       __GetThreadData_
0040bbc0       __ReallocThreadData_
0040bcb0       __AddThreadData_
0040bd30       __RemoveThreadData_
0040bd90       __ResizeThreadDataList_
0040bdc0       __FreeThreadDataList_
0040bdf0*      __ActiveThreads_
Module: C:\WATCOM/lib386/nt\clib3r.lib(fgtattr.c)
0040be10       __fixed_GetFileAttributesA_
Module: C:\WATCOM/lib386/nt\clib3r.lib(dosret.c)
0040beb0*      _dosretax_
0040bec0*      _dosret0_
0040bed0       __set_errno_dos_
0040bf00*      __set_errno_dos_reterr_
0040bf10       __set_errno_nt_
0040bf20*      __set_errno_nt_reterr_
Module: C:\WATCOM/lib386/nt\clib3r.lib(seterrno.c)
0040bf34       __set_errno_
0040bf42*      __set_EDOM_
0040bf50       __set_ERANGE_
0040bf5e*      __set_EINVAL_
0040bf71       __set_doserrno_
Module: C:\WATCOM/lib386/nt\clib3r.lib(gtcwdwnt.c)
0040bf80       getcwd_
Module: C:\WATCOM/lib386/nt\clib3r.lib(nmalloc.c)
0040c010       _nmalloc_
0040c010       malloc_
00416da0       ___nheapbeg
00416da4       ___MiniHeapRover
00416da8       ___LargestSizeB4MiniHeapRover
Module: C:\WATCOM/lib386/nt\clib3r.lib(iomode.c)
0040c110       __GetIOMode_
0040c130       __SetIOMode_nogrow_
00416dac       ___NFiles
00416db0       ___init_mode
00416e00       ___io_mode
Module: C:\WATCOM/lib386/nt\clib3r.lib(iomodtty.c)
0040c150       __ChkTTYIOMode_
0040c190       __IOMode_
Module: C:\WATCOM/lib386/nt\clib3r.lib(ntdirinf.c)
0040c1b0       __MakeDOSDT_
0040c1e0*      __FromDOSDT_
0040c210*      __GetNTDirInfo_
0040c250*      __NTFindNextFileWithAttr_
Module: C:\WATCOM/lib386/nt\clib3r.lib(d2ttime.c)
0040c2b0       _d2ttime_
Module: C:\WATCOM/lib386/nt\clib3r.lib(strerror.c)
0040c650       strerror_
0040c670*      _strerror_
0040c740*      _doserror_
00416e04+      __sys_errlist
00416ea8+      __sys_nerr
Module: C:\WATCOM/lib386/nt\clib3r.lib(_strcmp)
0040c770       strcmp_
Module: C:\WATCOM/lib386/nt\clib3r.lib(mbspbrk.c)
0040c8b0       _mbspbrk_
Module: C:\WATCOM/lib386/nt\clib3r.lib(mbsinc.c)
0040c900       _mbsinc_
Module: C:\WATCOM/lib386/nt\clib3r.lib(tolower.c)
0040c930       tolower_
Module: C:\WATCOM/lib386/nt\clib3r.lib(stiomode.c)
0040c940       __grow_iomode_
0040ca10+      __shrink_iomode_
0040ca50       __SetIOMode_
Module: C:\WATCOM/lib386/nt\clib3r.lib(close.c)
0040cac0       close_
Module: C:\WATCOM/lib386/nt\clib3r.lib(openwnt.c)
0040cce0*      open_
0040cd00       sopen_
Module: C:\WATCOM/lib386/nt\clib3r.lib(lseek.c)
0040cd30       lseek_
Module: C:\WATCOM/lib386/nt\flib7.lib(poscc.c)
0040cd80*      __LineFeedWithFormFeed_
0040cd90       FSetCC_
Module: C:\WATCOM/lib386/nt\flib7.lib(fdutil.c)
0040cdf0       LocFile_
0040ce00       LocUnit_
0040ce30       ExtractInfo_
Module: C:\WATCOM/lib386/nt\flib7.lib(rstdio.c)
0040cf60       _InitStandardInput_
0040cf90       _InitStandardOutput_
Module: C:\WATCOM/lib386/nt\flib7.lib(deffname.c)
00416eb4       _DefFName
Module: C:\WATCOM/lib386/nt\flib7.lib(stracc.c)
0040cfc0       TrimStr_
0040d000       GetStr_
Module: C:\WATCOM/lib386/nt\clib3r.lib(unlnkwnt.c)
0040d030       unlink_
Module: C:\WATCOM/lib386/nt\clib3r.lib(chsizwnt.c)
0040d0b0       chsize_
Module: C:\WATCOM/lib386/nt\clib3r.lib(read.c)
0040d1a0       read_
Module: C:\WATCOM/lib386/nt\flib7.lib(errgrp.c)
0040d330       _GrpCodes
Module: C:\WATCOM/lib386/nt\clib3r.lib(initfile.c)
0040d3f0       __InitFiles_
Module: C:\WATCOM/lib386/nt\clib3r.lib(ioexit.c)
0040d4f0*      fcloseall_
0040d500       __full_io_exit_
Module: C:\WATCOM/lib386/nt\clib3r.lib(stackwnt.c)
0040d510       stackavail_
Module: C:\WATCOM/lib386/nt\clib3r.lib(stk)
0040d521*      __CHK
0040d531*      __STK
0040d550       __STKOVERFLOW_
0040d560*      __GRO
0040d580*      __alloca_probe
Module: C:\WATCOM/lib386/nt\flib7.lib(ifile.c)
0040d5a0       SendIFBuff_
0040d5d0       NextIFBuff_
Module: C:\WATCOM/lib386/nt\clib3r.lib(ltoa.c)
0040d600       ultoa_
0040d650       ltoa_
Module: C:\WATCOM/lib386/nt\flib7.lib(sdfile.c)
00416ecc*      _FFCtrlSeq
00416ece*      _SkipCtrlSeq
00416ed0       _NormalCtrlSeq
00416ed2       _SDTermIn
00416ed6       _SDTermOut
00416eda*      _SDPrtName
Module: C:\WATCOM/lib386/nt\flib7.lib(cctrl.c)
0040d680       CheckCCtrl_
Module: C:\WATCOM/lib386/nt\flib7.lib(rdutils.c)
0040d6f0       NextRec_
Module: C:\WATCOM/lib386/nt\flib7.lib(undefcg.c)
0040d890       OutLogCG_
0040d8a0       OutIntCG_
0040d8e0+      FmtRealCG_
0040d910+      FmtDoubleCG_
0040d940+      FmtExtendedCG_
0040d970+      UndefIntCG_
0040d970+      UndefLogCG_
0040d970+      UndefExtendedCG_
0040d970+      UndefDoubleCG_
0040d970+      UndefRealCG_
0040d980+      GetRealCG_
00416ee0       _FmtRealRtn
00416ee4       _FmtDoubleRtn
00416ee8       _FmtExtendedRtn
00416eec       _SendStrRtn
00416ef0       _UndefRealRtn
00416ef4       _UndefDoubleRtn
00416ef8       _UndefExtendedRtn
00416efc       _UndefLogRtn
00416f00       _UndefIntRtn
00416f04       _GetRealRtn
Module: C:\WATCOM/lib386/nt\flib7.lib(rfmtlog.c)
0040d9a0       R_FmtLog_
Module: C:\WATCOM/lib386/nt\clib3r.lib(toupper.c)
0040d9d0       toupper_
Module: C:\WATCOM/lib386/nt\flib7.lib(fmtcnvt.c)
0040d9e0       FmtS2I_
0040db10       FmtS2F_
Module: C:\WATCOM/lib386/nt\flib7.lib(fmtrtns.c)
0040dee0       R_F2E_
0040e050       R_F2F_
0040e1e0       SetMaxPrec_
Module: C:\WATCOM/lib386/nt\flib7.lib(flt86.c)
0040e1f0       _P1d100
0040e1f8       _P1d_99
Module: C:\WATCOM/lib386\math387r.lib(pow87)
0040e359*      pow_
0040e200       IF@DPOW
0040e200*      IF@POW
Module: C:\WATCOM/lib386/nt\flib7.lib(hexcnv.c)
0040e380       Hex_
0040e3a0*      HSToB_
0040e410       BToHS_
Module: C:\WATCOM/lib386/nt\clib3r.lib(strupr.c)
0040e460       strupr_
Module: C:\WATCOM/lib386/nt\flib7.lib(unfmtutl.c)
0040e480       _SizeVars
Module: C:\WATCOM/lib386/nt\flib7.lib(chrutils.c)
0040e490       JmpBlanks_
Module: C:\WATCOM/lib386/nt\clib3r.lib(nrealloc.c)
0040e4b0*      _nrealloc_
0040e4b0       realloc_
Module: C:\WATCOM/lib386/nt\clib3r.lib(setenvp.c)
0040e530       __setenvp_
0040e5f0       __freeenvp_
Module: C:\WATCOM/lib386/nt\clib3r.lib(ustrlen.c)
0040e63d       wcslen_
Module: C:\WATCOM/lib386/nt\clib3r.lib(memcpy.c)
0040e650       memcpy_
Module: C:\WATCOM/lib386/nt\clib3r.lib(mem.c)
0040e670       __MemAllocator
0040e720       __MemFree
Module: C:\WATCOM/lib386/nt\clib3r.lib(conutwnt.c)
0040e870*      __NTRealKey_
0040e920*      __NTConsoleInput_
0040e930       __NTConsoleOutput_
Module: C:\WATCOM/lib386/nt\clib3r.lib(fclex387.c)
0040e940       _ClearFPE_
Module: C:\WATCOM/lib386/nt\clib3r.lib(ljmphdl.c)
00416f10       ___longjmp_handler
Module: C:\WATCOM/lib386/nt\clib3r.lib(__stos)
0040e960       __STOSB
0040e997*      __STOSD
Module: C:\WATCOM/lib386/nt\clib3r.lib(cinit.c)
0040ea10       __CommonInit_
Module: C:\WATCOM/lib386/nt\clib3r.lib(___argc.c)
00418850       ____Argc
00418854       ____Argv
Module: C:\WATCOM/lib386/nt\flib7.lib(rtmain.c)
0040ea20       main_
Module: C:\WATCOM/lib386/nt\clib3r.lib(memmove.c)
0040ea40       memmove_
Module: C:\WATCOM/lib386/nt\clib3r.lib(itoa.c)
0040eaa0       utoa_
0040eaf0       itoa_
Module: C:\WATCOM/lib386/nt\clib3r.lib(abort.c)
0040eb29*      abort_
0040eb3b       __terminate_
00416f14       ___abort
Module: C:\WATCOM/lib386/nt\clib3r.lib(cntrl87.c)
0040eb50       _control87_
Module: C:\WATCOM/lib386/nt\clib3r.lib(mthread.c)
0040ed30+      __CloseSemaphore_
0040ed70+      __AccessIOB_
0040ed80+      __ReleaseIOB_
0040ed90+      __AccessFileH_
0040eda0+      __ReleaseFileH_
0040edb0+      __AccessNHeap_
0040edc0+      __ReleaseNHeap_
0040edd0+      __AccessFHeap_
0040ede0+      __ReleaseFHeap_
0040edf0+      __AccessTDList_
0040ee00+      __ReleaseTDList_
0040ee10+      __AccessFList_
0040ee20+      __AccessSemaphore_
0040ee80+      __ReleaseFList_
0040ee90+      __ReleaseSemaphore_
0040eec0+      __MultipleThread_
0040ef10+      __AllocInitThreadData_
0040ef60*      __FreeInitThreadData_
0040ef70       __NTThreadInit_
0040efe0       __NTAddThread_
0040f030       __NTRemoveThread_
0040f0c0       __InitMultipleThread_
00416f18+      ___AccessSema4
00416f1c+      ___ReleaseSema4
00416f20+      ___CloseSema4
Module: C:\WATCOM/lib386/nt\clib3r.lib(xmsgwnt.c)
0040f280+      __exit_with_msg_
0040f2e0       __fatal_runtime_error_
Module: C:\WATCOM/lib386/nt\clib3r.lib(calloc.c)
0040f300       calloc_
Module: C:\WATCOM/lib386/nt\clib3r.lib(register.c)
0040f330       __initthread_
0040f340*      _beginthread_
0040f350       _endthread_
0040f360*      __RegisterThreadData_
Module: C:\WATCOM/lib386/nt\clib3r.lib(nmemneed.c)
0040f3b0       __nmemneed_
Module: C:\WATCOM/lib386/nt\clib3r.lib(grownear.c)
0040f520       __ExpandDGROUP_
Module: C:\WATCOM/lib386/nt\clib3r.lib(isattwnt.c)
0040f540       isatty_
Module: C:\WATCOM/lib386/nt\clib3r.lib(strncpy.c)
0040f560       strncpy_
Module: C:\WATCOM/lib386/nt\clib3r.lib(mktime.c)
0040f5a0       mktime_
Module: C:\WATCOM/lib386/nt\clib3r.lib(mbterm.c)
0040f630       _mbterm_
Module: C:\WATCOM/lib386/nt\clib3r.lib(mbsnextc.c)
0040f670       _mbsnextc_
Module: C:\WATCOM/lib386/nt\clib3r.lib(mbschr.c)
0040f6b0       _mbschr_
Module: C:\WATCOM/lib386/nt\clib3r.lib(mbisdbcs.c)
00418fc4       ___IsDBCS
Module: C:\WATCOM/lib386/nt\clib3r.lib(mbislead.c)
0040f710*      _ismbblead_
00418fc8       ___MBCSIsTable
Module: C:\WATCOM/lib386/nt\clib3r.lib(_clsewnt.c)
0040f730       __close_
Module: C:\WATCOM/lib386/nt\clib3r.lib(ntfio.c)
0040f790*      __GetNTCreateAttr_
0040f7d0       __GetNTAccessAttr_
0040f800       __GetNTShareAttr_
Module: C:\WATCOM/lib386/nt\clib3r.lib(umaskval.c)
00416f30       ___umaskval
Module: C:\WATCOM/lib386/nt\clib3r.lib(__lseek.c)
0040f860       __lseek_
Module: C:\WATCOM/lib386/nt\clib3r.lib(getenv.c)
0040f8a0       getenv_
Module: C:\WATCOM/lib386/nt\clib3r.lib(fclose.c)
0040f930+      __doclose_
0040f9d0       __shutdown_stream_
0040f9f0*      fclose_
004190cc+      ___RmTmpFileFn
Module: C:\WATCOM/lib386/nt\clib3r.lib(freefp.c)
0040fa40       __freefp_
0040fa90       __purgefp_
Module: C:\WATCOM/lib386/nt\clib3r.lib(alphabet.c)
00416190       ___Alphabet
Module: C:\WATCOM/lib386/nt\flib7.lib(expchk.c)
0040fac0       ToFFormat_
Module: C:\WATCOM/lib386/nt\flib7.lib(intarith.c)
0040fb10       AddIOFlo_
0040fb20*      SubIOFlo_
0040fb30       MulIOFlo_
Module: C:\WATCOM/lib386\math387r.lib(strtod.c)
00410053+      __Strtold_
004101ba       strtod_
Module: C:\WATCOM/lib386\math387r.lib(ldcvt.c)
004103dd       _LDScale10x_
00410984       __LDcvt_
Module: C:\WATCOM/lib386\math387r.lib(pow87e.c)
00410dd1       __pow87_err_
Module: C:\WATCOM/lib386\math387r.lib(exp87)
00410ebf*      exp_
00410e58*      __@DEXP1
00410e60*      IF@EXP
00410e60*      IF@DEXP
00410e62       __@DEXP
Module: C:\WATCOM/lib386/nt\clib3r.lib(chipd32.asm)
00410fe3       __fdiv_fpr
004114a5*      __fdiv_chk
004114b8*      __fdiv_m32
00411505*      __fdiv_m64
00411552*      __fdiv_m32r
0041159f*      __fdiv_m64r
Module: C:\WATCOM/lib386/nt\clib3r.lib(nmsize.c)
004115f0       _nmsize_
004115f0*      _msize_
Module: C:\WATCOM/lib386/nt\clib3r.lib(nexpand.c)
00411600       _nexpand_
00411600*      _expand_
00411640+      __HeapManager_expand_
Module: C:\WATCOM/lib386/nt\clib3r.lib(dofilstr.c)
00411820       __ParsePosixHandleStr_
Module: C:\WATCOM/lib386/nt\clib3r.lib(clearenv.c)
00411940       clearenv_
Module: C:\WATCOM/lib386/nt\clib3r.lib(argcv.c)
004190d0       __argc
004190d4       __argv
004190d8       ___argv
004190dc       ___argc
Module: C:\WATCOM/lib386/nt\clib3r.lib(trdalloc.c)
004119d0       __FiniThreadProcessing_
Module: C:\WATCOM/lib386/nt\clib3r.lib(nheapmin.c)
004119e0       _nheapshrink_
004119e0*      _nheapmin_
004119e0*      _heapmin_
004119e0       _heapshrink_
Module: C:\WATCOM/lib386/nt\clib3r.lib(thredwnt.c)
00411b80       __CBeginThread_
00411c20       __CEndThread_
Module: C:\WATCOM/lib386/nt\clib3r.lib(amblksiz.c)
00416fec       __amblksiz
Module: C:\WATCOM/lib386/nt\clib3r.lib(heapen.c)
00411c60*      _heapenable_
00416ff0       ___heap_enabled
Module: C:\WATCOM/lib386/nt\clib3r.lib(locmktim.c)
00411c90       __local_mktime_
Module: C:\WATCOM/lib386/nt\clib3r.lib(gmtime.c)
00411e10       __brktime_
00411f10+      _gmtime_
00411f30*      gmtime_
Module: C:\WATCOM/lib386/nt\clib3r.lib(tzset.c)
00416ff4       ___start_dst
00417018       ___end_dst
00417140*      _tzname
00417148       _timezone
0041714c       _daylight
00417150       ___dst_adjust
00411fa0*      __DontCacheOSTZ_
00411fb0*      __CacheOSTZ_
00412490+      __parse_tz_
00412880       tzset_
Module: C:\WATCOM/lib386/nt\clib3r.lib(timeutil.c)
004129f0       __isindst_
Module: C:\WATCOM/lib386/nt\clib3r.lib(mbconv.c)
00412d20       _mbvtop_
Module: C:\WATCOM/lib386/nt\clib3r.lib(mbclen.c)
00412d40       _mbclen_
Module: C:\WATCOM/lib386/nt\clib3r.lib(mbccmp.c)
00412d70       _mbccmp_
Module: C:\WATCOM/lib386/nt\clib3r.lib(mbinit.c)
00412de5       __mbinit_
00417158       ___MBCodePage
Module: C:\WATCOM/lib386/nt\clib3r.lib(mbcupper.c)
00412ee0       _mbctoupper_
Module: C:\WATCOM/lib386/nt\clib3r.lib(flush.c)
00412f10       __flush_
Module: C:\WATCOM/lib386\math387r.lib(bufld386)
0041300c       __ZBuf2LD
Module: C:\WATCOM/lib386\math387r.lib(inf_nan.c)
004130af*      ___f_infinity
004130b3*      ___f_posqnan
004130b7       ___d_infinity
004130bf       ___d_posqnan
004130c7*      ___ld_infinity
004130cf*      ___ld_posqnan
Module: C:\WATCOM/lib386/nt\clib3r.lib(hugeval.c)
004130e0       __HugeValue
Module: C:\WATCOM/lib386\math387r.lib(ldclass.c)
004130e8       __LDClass_
00413138*      _FLClass_
Module: C:\WATCOM/lib386/nt\flib7.lib(_matherr.c)
00413150*      __imath2err_
00413190*      __amath1err_
004131c0*      __amath2err_
004131f0       __math2err_
00413300       __math1err_
00413310*      __zmath2err_
00413370*      __qmath2err_
Module: C:\WATCOM/lib386\math387r.lib(math87e.c)
004133d6       __math87_err_
Module: C:\WATCOM/lib386/nt\clib3r.lib(strtol.c)
00413670*      strtoul_
00413680       strtol_
Module: C:\WATCOM/lib386/nt\clib3r.lib(putenv.c)
00413690       putenv_
00413920       __putenv_
Module: C:\WATCOM/lib386/nt\clib3r.lib(initargv.c)
00413a90       __Init_Argv_
00413ae0+      _getargv_
00413c80       __Fini_Argv_
Module: C:\WATCOM/lib386/nt\clib3r.lib(leapyear.c)
00413c90       __leapyear_
004161b8       ___diyr
004161d2       ___dilyr
Module: C:\WATCOM/lib386/nt\clib3r.lib(wcstombs.c)
00413cd0       wcstombs_
Module: C:\WATCOM/lib386/nt\clib3r.lib(fsync.c)
00413d70       fsync_
Module: C:\WATCOM/lib386/nt\clib3r.lib(qwrit.c)
00413dc0       __qwrite_
Module: C:\WATCOM/lib386/nt\clib3r.lib(mbslen.c)
00413ea0       _mbslen_
Module: C:\WATCOM/lib386/nt\clib3r.lib(mbstowcs.c)
00413ed0       mbstowcs_
Module: C:\WATCOM/lib386/nt\clib3r.lib(uputenv.c)
00413f50*      _wputenv_
00414170       __wputenv_
Module: C:\WATCOM/lib386/nt\clib3r.lib(histsplt.c)
004190e4       ___historical_splitparms
Module: C:\WATCOM/lib386/nt\clib3r.lib(wctomb.c)
00414270       wctomb_
Module: C:\WATCOM/lib386/nt\clib3r.lib(mbtowc.c)
004142b0       mbtowc_
Module: C:\WATCOM/lib386/nt\clib3r.lib(ustrchr.c)
00414340       wcschr_
Module: C:\WATCOM/lib386/nt\clib3r.lib(setenvar.c)
00414360       __lib_SetEnvironmentVariableW_
Module: C:\WATCOM/lib386/nt\clib3r.lib(crtwenv.c)
00414450       __create_wide_environment_
Module: C:\WATCOM/lib386/nt\clib3r.lib(utoupper.c)
004144b8       towupper_


                        +----------------------+
                        |   Imported Symbols   |
                        +----------------------+

Symbol                              Module
======                              ======

_MessageBoxA@16                     USER32.DLL
_GetEnvironmentStringsA@0           KERNEL32.DLL
_GetVersion@0                       KERNEL32.DLL
_GetModuleFileNameA@12              KERNEL32.DLL
_GetCommandLineA@0                  KERNEL32.DLL
_GetCommandLineW@0                  KERNEL32.DLL
_FreeEnvironmentStringsA@4          KERNEL32.DLL
_GetModuleHandleA@4                 KERNEL32.DLL
_ExitProcess@4                      KERNEL32.DLL
_RtlUnwind@16                       KERNEL32.DLL
_GetFullPathNameA@16                KERNEL32.DLL
_GetFileType@4                      KERNEL32.DLL
_GetFileInformationByHandle@8       KERNEL32.DLL
_GetFileTime@16                     KERNEL32.DLL
_GetFileSize@8                      KERNEL32.DLL
_CreateFileA@28                     KERNEL32.DLL
_CloseHandle@4                      KERNEL32.DLL
_GetLastError@0                     KERNEL32.DLL
_GetDriveTypeA@4                    KERNEL32.DLL
_FindFirstFileA@8                   KERNEL32.DLL
_FindClose@4                        KERNEL32.DLL
_SetFilePointer@16                  KERNEL32.DLL
_WriteFile@20                       KERNEL32.DLL
_SetStdHandle@8                     KERNEL32.DLL
_CreateEventA@16                    KERNEL32.DLL
_GetStdHandle@4                     KERNEL32.DLL
_GetModuleFileNameW@12              KERNEL32.DLL
_MultiByteToWideChar@24             KERNEL32.DLL
_LoadLibraryA@4                     KERNEL32.DLL
_GetProcAddress@8                   KERNEL32.DLL
_SetUnhandledExceptionFilter@4      KERNEL32.DLL
_UnhandledExceptionFilter@4         KERNEL32.DLL
_VirtualQuery@12                    KERNEL32.DLL
_GetCurrentThreadId@0               KERNEL32.DLL
_SetConsoleCtrlHandler@8            KERNEL32.DLL
_TlsGetValue@4                      KERNEL32.DLL
_TlsSetValue@8                      KERNEL32.DLL
_GetFileAttributesA@4               KERNEL32.DLL
_GetCurrentDirectoryA@8             KERNEL32.DLL
_FileTimeToLocalFileTime@8          KERNEL32.DLL
_FileTimeToDosDateTime@12           KERNEL32.DLL
_DosDateTimeToFileTime@12           KERNEL32.DLL
_LocalFileTimeToFileTime@8          KERNEL32.DLL
_FindNextFileA@8                    KERNEL32.DLL
_FormatMessageA@28                  KERNEL32.DLL
_DeleteFileA@4                      KERNEL32.DLL
_SetEndOfFile@4                     KERNEL32.DLL
_ReadFile@20                        KERNEL32.DLL
_InitializeCriticalSection@4        KERNEL32.DLL
_DeleteCriticalSection@4            KERNEL32.DLL
_LeaveCriticalSection@4             KERNEL32.DLL
_EnterCriticalSection@4             KERNEL32.DLL
_SetLastError@4                     KERNEL32.DLL
_TlsAlloc@0                         KERNEL32.DLL
_TlsFree@4                          KERNEL32.DLL
_VirtualAlloc@16                    KERNEL32.DLL
_VirtualFree@12                     KERNEL32.DLL
_CreateThread@24                    KERNEL32.DLL
_ResumeThread@4                     KERNEL32.DLL
_ExitThread@4                       KERNEL32.DLL
_GetTimeZoneInformation@4           KERNEL32.DLL
_GetACP@0                           KERNEL32.DLL
_GetOEMCP@0                         KERNEL32.DLL
_GetCPInfo@8                        KERNEL32.DLL
_CharUpperA@4                       USER32.DLL
_SetEnvironmentVariableA@8          KERNEL32.DLL
_FlushFileBuffers@4                 KERNEL32.DLL
_WideCharToMultiByte@32             KERNEL32.DLL
_SetEnvironmentVariableW@8          KERNEL32.DLL


                        +--------------------+
                        |   Libraries Used   |
                        +--------------------+

C:\WATCOM/lib386/nt\kernel32.lib
C:\WATCOM/lib386/nt\user32.lib
C:\WATCOM/lib386/nt\flib7.lib
C:\WATCOM/lib386\math387r.lib
C:\WATCOM/lib386/nt\clib3r.lib
C:\WATCOM/lib386/nt\emu387.lib


                        +-----------------------+
                        |   Linker Statistics   |
                        +-----------------------+

Stack size:  00010000 (65536.)
Memory size:  00026edc (159452.)
Entry point address: 0040175a
Link time: 00:00.28
