Open Watcom Linker Version 1.9
Portions Copyright (c) 1985-2002 Sybase, Inc. All Rights Reserved.
Created on:       24/02/21 15:24:09
Executable Image: test.exe
creating a Windows NT character-mode executable


                        +------------+
                        |   Groups   |
                        +------------+

Group                           Address              Size
=====                           =======              ====

.idata                          00415000             00000786
DGROUP                          00416000             00013120



                        +--------------+
                        |   Segments   |
                        +--------------+

Segment                Class          Group          Address         Size
=======                =====          =====          =======         ====

BEGTEXT                CODE           AUTO           00401000        00000007
_TEXT                  CODE           AUTO           00401010        000135e8
TRANSFER CODE          CODE           AUTO           004145f8        0000019e
.idata                 .idata         .idata         00415000        00000786
_NULL                  BEGDATA        DGROUP         00416000        00000004
_AFTERNULL             BEGDATA        DGROUP         00416004        00000000
CONST                  DATA           DGROUP         00416010        00000220
_DATA                  DATA           DGROUP         00416230        00001010
CONST2                 DATA           DGROUP         00417240        00000000
XIB                    DATA           DGROUP         00417240        00000000
XI                     DATA           DGROUP         00417240        0000004e
XIE                    DATA           DGROUP         0041728e        00000000
YIB                    DATA           DGROUP         0041728e        00000000
YI                     DATA           DGROUP         0041728e        00000030
YIE                    DATA           DGROUP         004172be        00000000
DATA32                 DATA           DGROUP         004172c0        00000134
TIB                    DATA           DGROUP         004173f4        00000000
TI                     DATA           DGROUP         004173f4        00000000
TIE                    DATA           DGROUP         004173f4        00000000
DATA                   DATA           DGROUP         004173f4        00000000
TRIANGLE               TRIANGLE       DGROUP         00418000        00000014
ANGLES                 ANGLES         DGROUP         00418020        00000008
CONST32                CONST          DGROUP         00418028        00000000
_BSS                   BSS            DGROUP         00418030        000010e8
BSS32                  BSS            DGROUP         00419118        00000000
STACK                  STACK          DGROUP         00419120        00010000


                        +----------------+
                        |   Memory Map   |
                        +----------------+

* = unreferenced symbol
+ = symbol only referenced locally

Address        Symbol
=======        ======

Module: testcode.obj(C:\Users\dmitr\OneDrive\Desktop\Документы\pv\testcode.for)
00401010       FMAIN
00401031+      MENU
00401162+      INPUT
004011ef+      MINANGLE
00401226+      MINCOS
00401272+      AREAOFTRIANGLE
004012e4+      ISTRIANGLE
00418000+      TRIANGLE
00418020+      ANGLES
Module: C:\WATCOM/lib386/nt\flib7.lib(pause.c)
00401390       RT@Pause
00416290*      LG@PAUSE_HOOK
Module: C:\WATCOM/lib386/nt\flib7.lib(setfmt.c)
004013e0       RT@SetFmt
Module: C:\WATCOM/lib386/nt\flib7.lib(cowrite)
00401400       RT@IOWrite
0040140f*      RT@OutLOG1
00401421*      RT@OutLOG4
0040142f*      RT@OutINT1
00401441*      RT@OutINT2
00401451*      RT@OutINT4
00401460       RT@OutREAL
00401470*      RT@OutDBLE
00401480*      RT@OutXTND
00401490*      RT@OutCPLX
004014a6*      RT@OutDBCX
004014bc*      RT@OutXTCX
004014d2       RT@OutCHAR
004014d7*      RT@OutSTR
004014dc*      RT@PrtArr
004014e1*      RT@PrtChArr
Module: C:\WATCOM/lib386/nt\flib7.lib(cortns)
00416294*      _FRT_SaveESP
004014f1*      SwitchToGen
0040150f       SwitchToRT
0040152d       RdWrCommon
004015d1       IOType_
004015ef       IOChar
0040160a       IOStr
0040161f       IOArr
0040163a       IOChArr
0040165c       RT@EndIO
Module: C:\WATCOM/lib386/nt\flib7.lib(coread)
00401666       RT@IORead
00401675*      RT@InpLOG1
00401684*      RT@InpLOG4
00401693*      RT@InpINT1
004016a2*      RT@InpINT2
004016b1       RT@InpINT4
004016c0       RT@InpREAL
004016cf*      RT@InpDBLE
004016de*      RT@InpXTND
004016ed*      RT@InpCPLX
004016fc*      RT@InpDBCX
0040170b*      RT@InpXTCX
0040171a*      RT@InpCHAR
0040171f*      RT@InpSTR
00401724*      RT@InpArr
00401729*      RT@InpChArr
Module: C:\WATCOM/lib386/nt\flib7.lib(stop.c)
00401750       RT@Stop
004162b4+      LG@STOP_HOOK
Module: C:\WATCOM/lib386/nt\flib7.lib(xfamin1.c)
004017c0       IF@XAMIN1
Module: C:\WATCOM/lib386\math387r.lib(trig87)
00401859*      sin_
0040184d*      cos_
0040187a*      tan_
0040180c       IF@COS
0040180c*      IF@DCOS
00401816*      IF@SIN
00401816*      IF@DSIN
00401865       IF@TAN
00401865*      IF@DTAN
Module: C:\WATCOM/lib386/nt\clib3r.lib(cstrtwnt)
00401886       _cstart_
00401886*      mainCRTStartup
Module: C:\WATCOM/lib386/nt\clib3r.lib(_8087)
004162c4       __8087
004162c5       __real87
Module: C:\WATCOM/lib386/nt\emu387.lib(386)
004018e4       __init_387_emulator
004018e5*      __fini_387_emulator
Module: C:\WATCOM/lib386/nt\flib7.lib(initeng.c)
00418030       __init_english
Module: C:\WATCOM/lib386/nt\flib7.lib(initerr.c)
00418034       __init_error
Module: C:\WATCOM/lib386/nt\flib7.lib(rtinit.c)
004162c8       ___FAppType
004162cc       __ExceptionInit
004162d0       __ExceptionFini
00401900*      __InitFThreadData_
00401940+      RTSysFini_
00401950       RTSysInit_
004162d8       __AccessFIO
004162dc       __ReleaseFIO
004162e0       __PartialReleaseFIO
00418038       ___FThreadDataOffset
0041725e*      ___fthread_data_size
Module: C:\WATCOM/lib386/nt\flib7.lib(rtsysutl.c)
004019b0       GetSysIOInfo_
004019d0       GetSysFileInfo_
00401a00*      IsDevice_
00401bd0       OpenAction_
00401c10*      DfltRecType_
00401c30+      _FileAttrs_
00401cf0       CloseFile_
00401d60       Scrtched_
00401d80*      CloseDeleteFile_
00401dd0       Errf_
00401df0       FPutBuff_
00401e60       FGetBuff_
00401eb0       SeekFile_
00401ed0       NoEOF_
00401ee0       SysClearEOF_
00401ef0*      SameFile_
00401f00*      Rewindf_
00401f20*      SysCreateFile_
00401f60       CheckLogicalRecord_
00401f80       SkipLogicalRecord_
00401fa0*      BackSpacef_
00401fd0*      EndFilef_
00402010       GetIOErrMsg_
00402050       ReportNExist_
00402070       ReportEOF_
00402080       WaitForEnter_
Module: C:\WATCOM/lib386/nt\flib7.lib(rterr.c)
004162e4+      _TraceRoutine
004020b0       FlushStdUnit_
00402100+      WriteErr_
004021d0       ErrHandler_
00402210       RTErr_
004162f0+      LG@ERR_HOOK
Module: C:\WATCOM/lib386/nt\flib7.lib(stdio.c)
00402250       StdBuffer_
00402270       StdWrite_
00402350       StdFlush_
00402380       StdWriteNL_
Module: C:\WATCOM/lib386/nt\flib7.lib(setiocb.c)
004023b0       RT@SetIOCB
Module: C:\WATCOM/lib386/nt\flib7.lib(rdata.c)
00418040       _IORslt
00418050       _FmtBuff
00418054*      _Fmt_revert
00418058*      _Fmt_start
0041805c*      _Fmt_paren_level
00418060*      _Fmt_charptr
00418064*      _FmtEmStruct
00418068       _IOTypeRtn
0041806c*      _Fmt_end
00418070*      _Fmt_rep_spec
00418074       _FmtRoutine
00418078       _IOCB
0041807c       _Files
00418080*      _Fmt_delimited
Module: C:\WATCOM/lib386/nt\flib7.lib(rfmtexec.c)
00402d70       R_FExec_
Module: C:\WATCOM/lib386/nt\flib7.lib(exwrite.c)
00402e10       DoWrite_
Module: C:\WATCOM/lib386/nt\flib7.lib(iomain.c)
00402e40       __ReleaseIOSys_
00402e60       IOMain_
Module: C:\WATCOM/lib386/nt\clib3r.lib(crwdata)
00416740       __osmajor
00416741       __osminor
00416742       __osbuild
00416744       __osver
00416748       __winmajor
0041674c       __winminor
00416750       __winver
0041670c       __LpDllName
00416710       __LpwCmdLine
00416714       __LpwPgmName
00416718       __LpwDllName
00416704       __LpCmdLine
00416708       __LpPgmName
004166fc*      __dynend
00416700       __curbrk
0041671c*      __STACKLOW
00416720       __STACKTOP
00416724       __ASTACKSIZ
00416728       __ASTACKPTR
0041672c*      __cbyte
00416730*      __cbyte2
00416734*      __child
0041673a       __Envptr
0041673e*      __Envseg
00416738       __no87
00416754       ___FPE_handler
Module: C:\WATCOM/lib386/nt\flib7.lib(thrdutil.c)
00403070*      __InitMultiThreadIO_
0041675c       ___SwitchStkLow
Module: C:\WATCOM/lib386/nt\flib7.lib(exread.c)
00403100       DoRead_
Module: C:\WATCOM/lib386/nt\clib3r.lib(mainwnt.c)
00416760       ___TlsIndex
00416764       ___FirstThreadData
00416768       ___GetThreadPtr
0041676c       __AccessFileH
00416770       __ReleaseFileH
00416774       __AccessIOB
00416778       __ReleaseIOB
0041677c       __AccessNHeap
00416780       __AccessFHeap
00416784       __ReleaseNHeap
00403140*      __threadid_
00403160+      __sig_null_rtn_
00403170+      __NTInit_
00403350+      __NTFini_
004033b0       __NTMainInit_
00403410       __exit_
00416788       __ReleaseFHeap
0041678c       __AccessTDList
00416790       __ReleaseTDList
00416794       __AccessFList
00416798       __ReleaseFList
0041679c       __ThreadExitRtn
004167a0       ___sig_init_rtn
004167a4       ___sig_fini_rtn
004167a8       ___process_fini
00418090       ___Is_DLL
Module: C:\WATCOM/lib386/nt\flib7.lib(spawn.c)
00403460       Spawn_
004034c0       Suicide_
Module: C:\WATCOM/lib386/nt\flib7.lib(runmain.c)
00403500*      __InitUnit6CC_
00403510       __DevicesCC_
00403520*      __InitAllowCommaSeparator_
00403530       __AllowCommaSep_
00403540+      _InitIO_
004035b0+      CloseAllFiles_
004035f0*      _FiniEx_
004035f0       RunExit_
00403630       RunEntry_
Module: C:\WATCOM/lib386/nt\clib3r.lib(chipvar)
004167b0       ___chipbug
004167b0       __chipbug
Module: C:\WATCOM/lib386/nt\clib3r.lib(chipt32.asm)
00403660       __fptan_chk
Module: C:\WATCOM/lib386/nt\clib3r.lib(main2wnt.c)
00403720       __NTMain
Module: C:\WATCOM/lib386/nt\clib3r.lib(segdefns)
00401003       ___begtext
00416000*      __nullarea
00417240       __Start_XI
0041728e       __End_XI
0041728e       __Start_YI
004172be       __End_YI
Module: C:\WATCOM/lib386/nt\clib3r.lib(chk8087.c)
004037a0*      _fpreset_
004037e0       __chk8087_
004037f0*      __init_8087_
Module: C:\WATCOM/lib386/nt\flib7.lib(english.c)
00403840       __UseEnglishCharSet_
Module: C:\WATCOM/lib386/nt\flib7.lib(errincl.c)
00403950       __InitError_
004167b4+      _PGroupTable
004167b8+      _PErrWord
Module: C:\WATCOM/lib386/nt\flib7.lib(rttraps.c)
00403a60       __EnableF77RTExceptionHandling_
00403a70       R_TrapInit_
00403b00       R_TrapFini_
00403b10*      __InitExceptionVectors_
Module: C:\WATCOM/lib386/nt\flib7.lib(errrtns.c)
004186ac       ___ErrorFini
004186b0       ___ErrorInit
004186b4       ___BldErrMsg
Module: C:\WATCOM/lib386/nt\clib3r.lib(nodefwin.c)
004167bc*      __WindowsIsWindowedHandle
004167c0*      __WindowsRemoveWindowedHandle
004167c4*      __WindowsNewWindow
004167c8*      __WindowsCloseWindow
004167cc*      __WindowsSetAbout
004167d0*      __WindowsSetAppTitle
004167d4*      __WindowsSetConTitle
004167d8*      __WindowsDestroyOnClose
004167dc*      __WindowsYieldControl
004167e0*      __WindowsShutDown
004167e4*      __WindowsStdin
004167e8       __WindowsStdout
004167ec*      __WindowsKbhit
004167f0*      __WindowsGetch
004167f4*      __WindowsGetche
004167f8*      __WindowsPutch
00403b30*      _dwShutDown_
00403b30*      _dwYield_
00403b30*      _dwSetConTitle_
00403b30*      _dwSetAppTitle_
00403b30*      _dwSetAboutDlg_
00403b30       _dwDeleteOnClose_
004167fc*      __WindowsExitRtn
004186b8*      __init_default_win
Module: C:\WATCOM/lib386/nt\clib3r.lib(atexit.c)
00403b33       atexit_
Module: C:\WATCOM/lib386/nt\clib3r.lib(regdata.c)
00403b90       __RegisterThreadDataSize_
Module: C:\WATCOM/lib386/nt\clib3r.lib(accsswnt.c)
00403bc0       access_
Module: C:\WATCOM/lib386/nt\clib3r.lib(fullpath.c)
00403c00+      _sys_fullpath_
00403c80       _fullpath_
Module: C:\WATCOM/lib386/nt\flib7.lib(rmemmgr.c)
00403cf0       RMemAlloc_
00403d00       RMemFree_
Module: C:\WATCOM/lib386/nt\clib3r.lib(fstatwnt.c)
00403d10       fstat_
Module: C:\WATCOM/lib386/nt\flib7.lib(poserr.c)
00404070       Errorf_
00404090*      EOFile_
004040b0       ErrorMsg_
004040f0       FSetTrunc_
00404100       FSetSysErr_
00404120       FSetErr_
00404140       FSetEof_
00404160       IOOk_
Module: C:\WATCOM/lib386/nt\flib7.lib(ioerr.c)
004041b0       IOErr_
Module: C:\WATCOM/lib386/nt\clib3r.lib(statwnt.c)
00404347       stat_
Module: C:\WATCOM/lib386/nt\flib7.lib(posopen.c)
00404580       InitStd_
00404640       SetIOBufferSize_
00404660+      _AllocFile_
00404750       Openf_
00404840       Closef_
Module: C:\WATCOM/lib386/nt\flib7.lib(posdat.c)
004169e8       _FStdIn
004169ec       _FStdOut
004169f0       _FStdErr
Module: C:\WATCOM/lib386/nt\flib7.lib(posflush.c)
004048c0       FlushBuffer_
Module: C:\WATCOM/lib386/nt\flib7.lib(rtutls.c)
00404990       FindFtnFile_
00404a80       RChkAlloc_
00404ab0       F_Connect_
00404b30       ConnectFile_
00404b40*      GetFileInfo_
00404c30       DiscoFile_
00404ca0*      ChkFileName_
00404cd0+      ChkLogFile_
00404d10       ChkIOOperation_
00404d50       GetIOErr_
00404d60       ChkIOErr_
00404d80       ChkUnitId_
00404dc0*      ChkConnected_
00404de0       SetEOF_
00404e10       ClearEOF_
00404e50       SysEOF_
00404e80       IsFixed_
00404e90       IsCarriage_
00404ea0*      ChkRecordStructure_
00404ed0*      ChkSequential_
00404ef0*      ChkExist_
00404f20*      StrItem_
Module: C:\WATCOM/lib386/nt\flib7.lib(posdel.c)
00404f50       Scratchf_
Module: C:\WATCOM/lib386/nt\flib7.lib(posput.c)
00404f70       FPutRec_
00404fb0       ChopFile_
00405000*      PutRec_
00405120       writebytes_
004051a0       SysWrite_
Module: C:\WATCOM/lib386/nt\flib7.lib(posget.c)
004052e0       readbytes_
004053b0       SysRead_
00405820       FGetRec_
00405850*      GetRec_
00405870       GetStdChar_
004058c0       FCheckLogical_
00405940       FSkipLogical_
00405a10*      FGetVarRecLen_
Module: C:\WATCOM/lib386/nt\flib7.lib(posseek.c)
00405b00       FSeekRec_
00405b40       CurrFileOffset_
00405b40       FGetFilePos_
00405b60       SysSeek_
00405d50*      FSeekAbs_
Module: C:\WATCOM/lib386/nt\clib3r.lib(stricmp.c)
00405d60       stricmp_
Module: C:\WATCOM/lib386/nt\flib7.lib(posrew.c)
00405da0       FRewind_
Module: C:\WATCOM/lib386/nt\flib7.lib(posback.c)
00405e10       FBackspace_
Module: C:\WATCOM/lib386/nt\flib7.lib(postrunc.c)
00405ef0       FTruncate_
Module: C:\WATCOM/lib386/nt\clib3r.lib(errno.c)
00405f10       __get_errno_ptr_
00405f20*      __get_doserrno_ptr_
Module: C:\WATCOM/lib386/nt\flib7.lib(errutil.c)
00405f30       BldErrCode_
00405f90*      MsgFormat_
00405fc0*      MsgBuffer_
004169f4+      _PGrpCodes
Module: C:\WATCOM/lib386/nt\clib3r.lib(enterdb.c)
00405ff0       __EnterWVIDEO_
004169f8       ___WD_Present
Module: C:\WATCOM/lib386/nt\clib3r.lib(iob.c)
004169fc       ___iob
00416c04       __fmode
00418740       ___OpenStreams
00418744       ___ClosedStreams
Module: C:\WATCOM/lib386/nt\clib3r.lib(setmd.c)
00406020       setmode_
Module: C:\WATCOM/lib386/nt\clib3r.lib(write.c)
00406360       write_
Module: C:\WATCOM/lib386/nt\flib7.lib(ioinit.c)
004065d0       IOSysInit_
Module: C:\WATCOM/lib386/nt\flib7.lib(wrutils.c)
00406600       F_SendData_
00406660*      SendLine_
00406670       SendEOR_
00406700*      SendInt_
00406730       SendStr_
00406750+      SendWSLStr_
00406770       SendChar_
00406790       Drop_
00406950       IOItemResult_
Module: C:\WATCOM/lib386/nt\flib7.lib(rfmtutil.c)
00406a00       R_ChkType_
00406a30       R_NewRec_
00406a70       R_ChkIType_
00406aa0       R_ChkFType_
00406ad0       R_ChkRecLen_
00406af0+      GetLen_
00406b30       R_FOStr_
00406b40*      FOString_
00406bb0       R_FIStr_
00406c70       R_FOLog_
00406cc0       R_FILog_
00406da0       R_FIFloat_
00406f90       GetReal_
004070a0       R_FOF_
00407120       R_FOE_
00407260+      FmtH2B_
00407350       R_FIHex_
004074d0       R_FOHex_
004074e0*      FOHex_
004075e0       R_FIInt_
004076f0       R_FOInt_
00407950       R_FOG_
00407bd0+      ChkBuffLen_
Module: C:\WATCOM/lib386/nt\flib7.lib(arrayio.c)
00407c90       ArrayIOType_
Module: C:\WATCOM/lib386/nt\flib7.lib(rdwr.c)
00407d10+      DoOpen_
00407d40+      _AllocBuffer_
00407d80       IOPrologue_
00407fc0       UpdateRecNum_
Module: C:\WATCOM/lib386/nt\flib7.lib(unfmtout.c)
004080e0       UnFmtOut_
Module: C:\WATCOM/lib386/nt\flib7.lib(freeout.c)
00408530       FreeOut_
00416c0c+      _OutRtn
Module: C:\WATCOM/lib386/nt\flib7.lib(unfmtin.c)
00408610       UnFmtIn_
004086b0+      NextUnFmtRec_
Module: C:\WATCOM/lib386/nt\flib7.lib(freein.c)
00408a90+      GetNum_
00408c90       FreeIn_
00408ca0*      DoFreeIn_
00408cd0+      BumpComma_
00408d00+      Blanks_
00408d20+      CheckEor_
Module: C:\WATCOM/lib386/nt\clib3r.lib(hdlman.c)
00416c40+      ___NHandles
00416c44+      ___OSHandles
00416c48+      ___FakeHandles
00409330+      __growPOSIXHandles_
004093d0       __allocPOSIXHandle_
00409490       __freePOSIXHandle_
004094b0       __getOSHandle_
004094c0       __setOSHandle_
00409510+      __NTGetFakeHandle_
00409580       __initPOSIXHandles_
00409660*      __set_handles_
00409670*      _grow_handles_
Module: C:\WATCOM/lib386/nt\clib3r.lib(environ.c)
00418748       ___env_mask
0041874c       _environ
00418750       __wenviron
Module: C:\WATCOM/lib386/nt\clib3r.lib(getmodfn.c)
004096b0       __lib_GetModuleFileNameW_
Module: C:\WATCOM/lib386/nt\clib3r.lib(strdup.c)
00409750       __clib_strdup_
Module: C:\WATCOM/lib386/nt\clib3r.lib(istable.c)
00409790       __IsTable
Module: C:\WATCOM/lib386/nt\clib3r.lib(ustrdup.c)
00409891       __clib_wcsdup_
Module: C:\WATCOM/lib386/nt\clib3r.lib(nfree.c)
004098c0       _nfree_
004098c0       free_
00418754       ___MiniHeapFreeRover
Module: C:\WATCOM/lib386/nt\clib3r.lib(excptwnt.c)
0040a030+      ___ReportException@4
0040a480       __DefaultExceptionHandler_
0040a4c0+      ___ExceptionFilter
0040a6d0       __NewExceptionFilter_
0040a700       __DoneExceptionFilter_
00416c54       ___oscode_check_func
00416c58       ___raise_func
00418758*      _sw
0041875c       ___ExceptionHandled
0041875d+      ___ReportInvoked
Module: C:\WATCOM/lib386/nt\clib3r.lib(stklmwnt.c)
0040a740       __init_stack_limits_
Module: C:\WATCOM/lib386/nt\clib3r.lib(initrtns.c)
0040a7c0       __InitRtns
0040a810       __FiniRtns
Module: C:\WATCOM/lib386/nt\clib3r.lib(setjmp)
0040a864       _setjmp_
0040a89d       longjmp_
Module: C:\WATCOM/lib386/nt\clib3r.lib(exit.c)
0040a925+      __null_int23_exit_
0040a926       exit_
0040a976*      _exit_
00416c70+      ___int23_exit
00416c74+      ___FPE_handler_exit
Module: C:\WATCOM/lib386/nt\clib3r.lib(chipbug.c)
0040a990       __verify_pentium_fdiv_bug_
Module: C:\WATCOM/lib386/nt\clib3r.lib(mthrdini.c)
0040a9f0       __InitThreadData_
00416c78       ___ThreadDataSize
Module: C:\WATCOM/lib386/nt\clib3r.lib(memset.c)
0040aa20       memset_
Module: C:\WATCOM/lib386/nt\clib3r.lib(cmain386.c)
0040aa40       __CMain
Module: C:\WATCOM/lib386/nt\clib3r.lib(dosseg)
00001234       __DOSseg__
Module: C:\WATCOM/lib386/nt\clib3r.lib(8087cw.c)
00416c7c       __8087cw
Module: C:\WATCOM/lib386/nt\clib3r.lib(save8087.c)
00416c80       ___Save8087
00416c84       ___Rest8087
Module: C:\WATCOM/lib386/nt\clib3r.lib(init8087)
0040aa84       __x87id
Module: C:\WATCOM/lib386/nt\flib7.lib(csetinfo.c)
00418760       _CharSetInfo
Module: C:\WATCOM/lib386/nt\flib7.lib(errmsg.c)
0040adf0       _GroupTable
0040aea0       _ErrWord
Module: C:\WATCOM/lib386/nt\flib7.lib(blderr.c)
0040b550       Substitute_
0040b710       ErrCodOrg_
Module: C:\WATCOM/lib386/nt\clib3r.lib(signlwnt.c)
00416c88+      __SignalTable
0040b720+      __SetSignalFunc_
0040b770+      __GetSignalFunc_
0040b7a0+      __GetSignalOSCode_
0040b7d0+      __CheckSignalExCode_
0040b910+      __sigabort_
0040b920       __sigfpe_handler_
0040b970       signal_
0040ba00+      raise_
0040ba70+      __SigInit_
0040bac0+      __SigFini_
0040bb00+      __sig_init_
Module: C:\WATCOM/lib386/nt\flib7.lib(fptraps.c)
0040bbe0*      __MaskDefaultFPE_
0040bc00       FPTrapInit_
0040bc30       FPTrapFini_
Module: C:\WATCOM/lib386/nt\clib3r.lib(trdlist.c)
0040bca0       __GetThreadData_
0040bcf0       __ReallocThreadData_
0040bde0       __AddThreadData_
0040be60       __RemoveThreadData_
0040bec0       __ResizeThreadDataList_
0040bef0       __FreeThreadDataList_
0040bf20*      __ActiveThreads_
Module: C:\WATCOM/lib386/nt\clib3r.lib(fgtattr.c)
0040bf40       __fixed_GetFileAttributesA_
Module: C:\WATCOM/lib386/nt\clib3r.lib(dosret.c)
0040bfe0*      _dosretax_
0040bff0*      _dosret0_
0040c000       __set_errno_dos_
0040c030*      __set_errno_dos_reterr_
0040c040       __set_errno_nt_
0040c050*      __set_errno_nt_reterr_
Module: C:\WATCOM/lib386/nt\clib3r.lib(seterrno.c)
0040c064       __set_errno_
0040c072*      __set_EDOM_
0040c080       __set_ERANGE_
0040c08e*      __set_EINVAL_
0040c0a1       __set_doserrno_
Module: C:\WATCOM/lib386/nt\clib3r.lib(gtcwdwnt.c)
0040c0b0       getcwd_
Module: C:\WATCOM/lib386/nt\clib3r.lib(nmalloc.c)
0040c140       _nmalloc_
0040c140       malloc_
00416df8       ___nheapbeg
00416dfc       ___MiniHeapRover
00416e00       ___LargestSizeB4MiniHeapRover
Module: C:\WATCOM/lib386/nt\clib3r.lib(iomode.c)
0040c240       __GetIOMode_
0040c260       __SetIOMode_nogrow_
00416e04       ___NFiles
00416e08       ___init_mode
00416e58       ___io_mode
Module: C:\WATCOM/lib386/nt\clib3r.lib(iomodtty.c)
0040c280       __ChkTTYIOMode_
0040c2c0       __IOMode_
Module: C:\WATCOM/lib386/nt\clib3r.lib(ntdirinf.c)
0040c2e0       __MakeDOSDT_
0040c310*      __FromDOSDT_
0040c340*      __GetNTDirInfo_
0040c380*      __NTFindNextFileWithAttr_
Module: C:\WATCOM/lib386/nt\clib3r.lib(d2ttime.c)
0040c3e0       _d2ttime_
Module: C:\WATCOM/lib386/nt\clib3r.lib(strerror.c)
0040c780       strerror_
0040c7a0*      _strerror_
0040c870*      _doserror_
00416e5c+      __sys_errlist
00416f00+      __sys_nerr
Module: C:\WATCOM/lib386/nt\clib3r.lib(_strcmp)
0040c8a0       strcmp_
Module: C:\WATCOM/lib386/nt\clib3r.lib(mbspbrk.c)
0040c9e0       _mbspbrk_
Module: C:\WATCOM/lib386/nt\clib3r.lib(mbsinc.c)
0040ca30       _mbsinc_
Module: C:\WATCOM/lib386/nt\clib3r.lib(tolower.c)
0040ca60       tolower_
Module: C:\WATCOM/lib386/nt\clib3r.lib(stiomode.c)
0040ca70       __grow_iomode_
0040cb40+      __shrink_iomode_
0040cb80       __SetIOMode_
Module: C:\WATCOM/lib386/nt\clib3r.lib(close.c)
0040cbf0       close_
Module: C:\WATCOM/lib386/nt\clib3r.lib(openwnt.c)
0040ce10*      open_
0040ce30       sopen_
Module: C:\WATCOM/lib386/nt\clib3r.lib(lseek.c)
0040ce60       lseek_
Module: C:\WATCOM/lib386/nt\flib7.lib(poscc.c)
0040ceb0*      __LineFeedWithFormFeed_
0040cec0       FSetCC_
Module: C:\WATCOM/lib386/nt\flib7.lib(fdutil.c)
0040cf20       LocFile_
0040cf30       LocUnit_
0040cf60       ExtractInfo_
Module: C:\WATCOM/lib386/nt\flib7.lib(rstdio.c)
0040d090       _InitStandardInput_
0040d0c0       _InitStandardOutput_
Module: C:\WATCOM/lib386/nt\flib7.lib(deffname.c)
00416f0c       _DefFName
Module: C:\WATCOM/lib386/nt\flib7.lib(stracc.c)
0040d0f0       TrimStr_
0040d130       GetStr_
Module: C:\WATCOM/lib386/nt\clib3r.lib(unlnkwnt.c)
0040d160       unlink_
Module: C:\WATCOM/lib386/nt\clib3r.lib(chsizwnt.c)
0040d1e0       chsize_
Module: C:\WATCOM/lib386/nt\clib3r.lib(read.c)
0040d2d0       read_
Module: C:\WATCOM/lib386/nt\flib7.lib(errgrp.c)
0040d460       _GrpCodes
Module: C:\WATCOM/lib386/nt\clib3r.lib(initfile.c)
0040d520       __InitFiles_
Module: C:\WATCOM/lib386/nt\clib3r.lib(ioexit.c)
0040d620*      fcloseall_
0040d630       __full_io_exit_
Module: C:\WATCOM/lib386/nt\clib3r.lib(stackwnt.c)
0040d640       stackavail_
Module: C:\WATCOM/lib386/nt\clib3r.lib(stk)
0040d651*      __CHK
0040d661*      __STK
0040d680       __STKOVERFLOW_
0040d690*      __GRO
0040d6b0*      __alloca_probe
Module: C:\WATCOM/lib386/nt\flib7.lib(ifile.c)
0040d6d0       SendIFBuff_
0040d700       NextIFBuff_
Module: C:\WATCOM/lib386/nt\clib3r.lib(ltoa.c)
0040d730       ultoa_
0040d780       ltoa_
Module: C:\WATCOM/lib386/nt\flib7.lib(sdfile.c)
00416f24*      _FFCtrlSeq
00416f26*      _SkipCtrlSeq
00416f28       _NormalCtrlSeq
00416f2a       _SDTermIn
00416f2e       _SDTermOut
00416f32*      _SDPrtName
Module: C:\WATCOM/lib386/nt\flib7.lib(cctrl.c)
0040d7b0       CheckCCtrl_
Module: C:\WATCOM/lib386/nt\flib7.lib(rdutils.c)
0040d820       NextRec_
Module: C:\WATCOM/lib386/nt\flib7.lib(undefcg.c)
0040d9c0       OutLogCG_
0040d9d0       OutIntCG_
0040da10+      FmtRealCG_
0040da40+      FmtDoubleCG_
0040da70+      FmtExtendedCG_
0040daa0+      UndefIntCG_
0040daa0+      UndefLogCG_
0040daa0+      UndefExtendedCG_
0040daa0+      UndefDoubleCG_
0040daa0+      UndefRealCG_
0040dab0+      GetRealCG_
00416f38       _FmtRealRtn
00416f3c       _FmtDoubleRtn
00416f40       _FmtExtendedRtn
00416f44       _SendStrRtn
00416f48       _UndefRealRtn
00416f4c       _UndefDoubleRtn
00416f50       _UndefExtendedRtn
00416f54       _UndefLogRtn
00416f58       _UndefIntRtn
00416f5c       _GetRealRtn
Module: C:\WATCOM/lib386/nt\flib7.lib(rfmtlog.c)
0040dad0       R_FmtLog_
Module: C:\WATCOM/lib386/nt\clib3r.lib(toupper.c)
0040db00       toupper_
Module: C:\WATCOM/lib386/nt\flib7.lib(fmtcnvt.c)
0040db10       FmtS2I_
0040dc40       FmtS2F_
Module: C:\WATCOM/lib386/nt\flib7.lib(fmtrtns.c)
0040e010       R_F2E_
0040e180       R_F2F_
0040e310       SetMaxPrec_
Module: C:\WATCOM/lib386/nt\flib7.lib(flt86.c)
0040e320       _P1d100
0040e328       _P1d_99
Module: C:\WATCOM/lib386\math387r.lib(pow87)
0040e489*      pow_
0040e330       IF@DPOW
0040e330*      IF@POW
Module: C:\WATCOM/lib386/nt\flib7.lib(hexcnv.c)
0040e4b0       Hex_
0040e4d0*      HSToB_
0040e540       BToHS_
Module: C:\WATCOM/lib386/nt\clib3r.lib(strupr.c)
0040e590       strupr_
Module: C:\WATCOM/lib386/nt\flib7.lib(unfmtutl.c)
0040e5b0       _SizeVars
Module: C:\WATCOM/lib386/nt\flib7.lib(chrutils.c)
0040e5c0       JmpBlanks_
Module: C:\WATCOM/lib386/nt\clib3r.lib(nrealloc.c)
0040e5e0*      _nrealloc_
0040e5e0       realloc_
Module: C:\WATCOM/lib386/nt\clib3r.lib(setenvp.c)
0040e660       __setenvp_
0040e720       __freeenvp_
Module: C:\WATCOM/lib386/nt\clib3r.lib(ustrlen.c)
0040e76d       wcslen_
Module: C:\WATCOM/lib386/nt\clib3r.lib(memcpy.c)
0040e780       memcpy_
Module: C:\WATCOM/lib386/nt\clib3r.lib(mem.c)
0040e7a0       __MemAllocator
0040e850       __MemFree
Module: C:\WATCOM/lib386/nt\clib3r.lib(conutwnt.c)
0040e9a0*      __NTRealKey_
0040ea50*      __NTConsoleInput_
0040ea60       __NTConsoleOutput_
Module: C:\WATCOM/lib386/nt\clib3r.lib(fclex387.c)
0040ea70       _ClearFPE_
Module: C:\WATCOM/lib386/nt\clib3r.lib(ljmphdl.c)
00416f68       ___longjmp_handler
Module: C:\WATCOM/lib386/nt\clib3r.lib(__stos)
0040ea90       __STOSB
0040eac7*      __STOSD
Module: C:\WATCOM/lib386/nt\clib3r.lib(cinit.c)
0040eb40       __CommonInit_
Module: C:\WATCOM/lib386/nt\clib3r.lib(___argc.c)
00418880       ____Argc
00418884       ____Argv
Module: C:\WATCOM/lib386/nt\flib7.lib(rtmain.c)
0040eb50       main_
Module: C:\WATCOM/lib386/nt\clib3r.lib(memmove.c)
0040eb70       memmove_
Module: C:\WATCOM/lib386/nt\clib3r.lib(itoa.c)
0040ebd0       utoa_
0040ec20       itoa_
Module: C:\WATCOM/lib386/nt\clib3r.lib(abort.c)
0040ec59*      abort_
0040ec6b       __terminate_
00416f6c       ___abort
Module: C:\WATCOM/lib386/nt\clib3r.lib(cntrl87.c)
0040ec80       _control87_
Module: C:\WATCOM/lib386/nt\clib3r.lib(mthread.c)
0040ee60+      __CloseSemaphore_
0040eea0+      __AccessIOB_
0040eeb0+      __ReleaseIOB_
0040eec0+      __AccessFileH_
0040eed0+      __ReleaseFileH_
0040eee0+      __AccessNHeap_
0040eef0+      __ReleaseNHeap_
0040ef00+      __AccessFHeap_
0040ef10+      __ReleaseFHeap_
0040ef20+      __AccessTDList_
0040ef30+      __ReleaseTDList_
0040ef40+      __AccessFList_
0040ef50+      __AccessSemaphore_
0040efb0+      __ReleaseFList_
0040efc0+      __ReleaseSemaphore_
0040eff0+      __MultipleThread_
0040f040+      __AllocInitThreadData_
0040f090*      __FreeInitThreadData_
0040f0a0       __NTThreadInit_
0040f110       __NTAddThread_
0040f160       __NTRemoveThread_
0040f1f0       __InitMultipleThread_
00416f70+      ___AccessSema4
00416f74+      ___ReleaseSema4
00416f78+      ___CloseSema4
Module: C:\WATCOM/lib386/nt\clib3r.lib(xmsgwnt.c)
0040f3b0+      __exit_with_msg_
0040f410       __fatal_runtime_error_
Module: C:\WATCOM/lib386/nt\clib3r.lib(calloc.c)
0040f430       calloc_
Module: C:\WATCOM/lib386/nt\clib3r.lib(register.c)
0040f460       __initthread_
0040f470*      _beginthread_
0040f480       _endthread_
0040f490*      __RegisterThreadData_
Module: C:\WATCOM/lib386/nt\clib3r.lib(nmemneed.c)
0040f4e0       __nmemneed_
Module: C:\WATCOM/lib386/nt\clib3r.lib(grownear.c)
0040f650       __ExpandDGROUP_
Module: C:\WATCOM/lib386/nt\clib3r.lib(isattwnt.c)
0040f670       isatty_
Module: C:\WATCOM/lib386/nt\clib3r.lib(strncpy.c)
0040f690       strncpy_
Module: C:\WATCOM/lib386/nt\clib3r.lib(mktime.c)
0040f6d0       mktime_
Module: C:\WATCOM/lib386/nt\clib3r.lib(mbterm.c)
0040f760       _mbterm_
Module: C:\WATCOM/lib386/nt\clib3r.lib(mbsnextc.c)
0040f7a0       _mbsnextc_
Module: C:\WATCOM/lib386/nt\clib3r.lib(mbschr.c)
0040f7e0       _mbschr_
Module: C:\WATCOM/lib386/nt\clib3r.lib(mbisdbcs.c)
00418ff4       ___IsDBCS
Module: C:\WATCOM/lib386/nt\clib3r.lib(mbislead.c)
0040f840*      _ismbblead_
00418ff8       ___MBCSIsTable
Module: C:\WATCOM/lib386/nt\clib3r.lib(_clsewnt.c)
0040f860       __close_
Module: C:\WATCOM/lib386/nt\clib3r.lib(ntfio.c)
0040f8c0*      __GetNTCreateAttr_
0040f900       __GetNTAccessAttr_
0040f930       __GetNTShareAttr_
Module: C:\WATCOM/lib386/nt\clib3r.lib(umaskval.c)
00416f88       ___umaskval
Module: C:\WATCOM/lib386/nt\clib3r.lib(__lseek.c)
0040f990       __lseek_
Module: C:\WATCOM/lib386/nt\clib3r.lib(getenv.c)
0040f9d0       getenv_
Module: C:\WATCOM/lib386/nt\clib3r.lib(fclose.c)
0040fa60+      __doclose_
0040fb00       __shutdown_stream_
0040fb20*      fclose_
004190fc+      ___RmTmpFileFn
Module: C:\WATCOM/lib386/nt\clib3r.lib(freefp.c)
0040fb70       __freefp_
0040fbc0       __purgefp_
Module: C:\WATCOM/lib386/nt\clib3r.lib(alphabet.c)
004161d4       ___Alphabet
Module: C:\WATCOM/lib386/nt\flib7.lib(expchk.c)
0040fbf0       ToFFormat_
Module: C:\WATCOM/lib386/nt\flib7.lib(intarith.c)
0040fc40       AddIOFlo_
0040fc50*      SubIOFlo_
0040fc60       MulIOFlo_
Module: C:\WATCOM/lib386\math387r.lib(strtod.c)
00410183+      __Strtold_
004102ea       strtod_
Module: C:\WATCOM/lib386\math387r.lib(ldcvt.c)
0041050d       _LDScale10x_
00410ab4       __LDcvt_
Module: C:\WATCOM/lib386\math387r.lib(pow87e.c)
00410f01       __pow87_err_
Module: C:\WATCOM/lib386\math387r.lib(exp87)
00410fef*      exp_
00410f88*      __@DEXP1
00410f90*      IF@EXP
00410f90*      IF@DEXP
00410f92       __@DEXP
Module: C:\WATCOM/lib386/nt\clib3r.lib(chipd32.asm)
00411113       __fdiv_fpr
004115d5*      __fdiv_chk
004115e8*      __fdiv_m32
00411635*      __fdiv_m64
00411682*      __fdiv_m32r
004116cf*      __fdiv_m64r
Module: C:\WATCOM/lib386/nt\clib3r.lib(nmsize.c)
00411720       _nmsize_
00411720*      _msize_
Module: C:\WATCOM/lib386/nt\clib3r.lib(nexpand.c)
00411730       _nexpand_
00411730*      _expand_
00411770+      __HeapManager_expand_
Module: C:\WATCOM/lib386/nt\clib3r.lib(dofilstr.c)
00411950       __ParsePosixHandleStr_
Module: C:\WATCOM/lib386/nt\clib3r.lib(clearenv.c)
00411a70       clearenv_
Module: C:\WATCOM/lib386/nt\clib3r.lib(argcv.c)
00419100       __argc
00419104       __argv
00419108       ___argv
0041910c       ___argc
Module: C:\WATCOM/lib386/nt\clib3r.lib(trdalloc.c)
00411b00       __FiniThreadProcessing_
Module: C:\WATCOM/lib386/nt\clib3r.lib(nheapmin.c)
00411b10       _nheapshrink_
00411b10*      _nheapmin_
00411b10*      _heapmin_
00411b10       _heapshrink_
Module: C:\WATCOM/lib386/nt\clib3r.lib(thredwnt.c)
00411cb0       __CBeginThread_
00411d50       __CEndThread_
Module: C:\WATCOM/lib386/nt\clib3r.lib(amblksiz.c)
00417044       __amblksiz
Module: C:\WATCOM/lib386/nt\clib3r.lib(heapen.c)
00411d90*      _heapenable_
00417048       ___heap_enabled
Module: C:\WATCOM/lib386/nt\clib3r.lib(locmktim.c)
00411dc0       __local_mktime_
Module: C:\WATCOM/lib386/nt\clib3r.lib(gmtime.c)
00411f40       __brktime_
00412040+      _gmtime_
00412060*      gmtime_
Module: C:\WATCOM/lib386/nt\clib3r.lib(tzset.c)
0041704c       ___start_dst
00417070       ___end_dst
00417198*      _tzname
004171a0       _timezone
004171a4       _daylight
004171a8       ___dst_adjust
004120d0*      __DontCacheOSTZ_
004120e0*      __CacheOSTZ_
004125c0+      __parse_tz_
004129b0       tzset_
Module: C:\WATCOM/lib386/nt\clib3r.lib(timeutil.c)
00412b20       __isindst_
Module: C:\WATCOM/lib386/nt\clib3r.lib(mbconv.c)
00412e50       _mbvtop_
Module: C:\WATCOM/lib386/nt\clib3r.lib(mbclen.c)
00412e70       _mbclen_
Module: C:\WATCOM/lib386/nt\clib3r.lib(mbccmp.c)
00412ea0       _mbccmp_
Module: C:\WATCOM/lib386/nt\clib3r.lib(mbinit.c)
00412f15       __mbinit_
004171b0       ___MBCodePage
Module: C:\WATCOM/lib386/nt\clib3r.lib(mbcupper.c)
00413010       _mbctoupper_
Module: C:\WATCOM/lib386/nt\clib3r.lib(flush.c)
00413040       __flush_
Module: C:\WATCOM/lib386\math387r.lib(bufld386)
0041313c       __ZBuf2LD
Module: C:\WATCOM/lib386\math387r.lib(inf_nan.c)
004131df*      ___f_infinity
004131e3*      ___f_posqnan
004131e7       ___d_infinity
004131ef       ___d_posqnan
004131f7*      ___ld_infinity
004131ff*      ___ld_posqnan
Module: C:\WATCOM/lib386/nt\clib3r.lib(hugeval.c)
00413210       __HugeValue
Module: C:\WATCOM/lib386\math387r.lib(ldclass.c)
00413218       __LDClass_
00413268*      _FLClass_
Module: C:\WATCOM/lib386/nt\flib7.lib(_matherr.c)
00413280*      __imath2err_
004132c0*      __amath1err_
004132f0*      __amath2err_
00413320       __math2err_
00413430       __math1err_
00413440*      __zmath2err_
004134a0*      __qmath2err_
Module: C:\WATCOM/lib386\math387r.lib(math87e.c)
00413506       __math87_err_
Module: C:\WATCOM/lib386/nt\clib3r.lib(strtol.c)
004137a0*      strtoul_
004137b0       strtol_
Module: C:\WATCOM/lib386/nt\clib3r.lib(putenv.c)
004137c0       putenv_
00413a50       __putenv_
Module: C:\WATCOM/lib386/nt\clib3r.lib(initargv.c)
00413bc0       __Init_Argv_
00413c10+      _getargv_
00413db0       __Fini_Argv_
Module: C:\WATCOM/lib386/nt\clib3r.lib(leapyear.c)
00413dc0       __leapyear_
004161fc       ___diyr
00416216       ___dilyr
Module: C:\WATCOM/lib386/nt\clib3r.lib(wcstombs.c)
00413e00       wcstombs_
Module: C:\WATCOM/lib386/nt\clib3r.lib(fsync.c)
00413ea0       fsync_
Module: C:\WATCOM/lib386/nt\clib3r.lib(qwrit.c)
00413ef0       __qwrite_
Module: C:\WATCOM/lib386/nt\clib3r.lib(mbslen.c)
00413fd0       _mbslen_
Module: C:\WATCOM/lib386/nt\clib3r.lib(mbstowcs.c)
00414000       mbstowcs_
Module: C:\WATCOM/lib386/nt\clib3r.lib(uputenv.c)
00414080*      _wputenv_
004142a0       __wputenv_
Module: C:\WATCOM/lib386/nt\clib3r.lib(histsplt.c)
00419114       ___historical_splitparms
Module: C:\WATCOM/lib386/nt\clib3r.lib(wctomb.c)
004143a0       wctomb_
Module: C:\WATCOM/lib386/nt\clib3r.lib(mbtowc.c)
004143e0       mbtowc_
Module: C:\WATCOM/lib386/nt\clib3r.lib(ustrchr.c)
00414470       wcschr_
Module: C:\WATCOM/lib386/nt\clib3r.lib(setenvar.c)
00414490       __lib_SetEnvironmentVariableW_
Module: C:\WATCOM/lib386/nt\clib3r.lib(crtwenv.c)
00414580       __create_wide_environment_
Module: C:\WATCOM/lib386/nt\clib3r.lib(utoupper.c)
004145e8       towupper_


                        +----------------------+
                        |   Imported Symbols   |
                        +----------------------+

Symbol                              Module
======                              ======

_MessageBoxA@16                     USER32.DLL
_GetEnvironmentStringsA@0           KERNEL32.DLL
_GetVersion@0                       KERNEL32.DLL
_GetModuleFileNameA@12              KERNEL32.DLL
_GetCommandLineA@0                  KERNEL32.DLL
_GetCommandLineW@0                  KERNEL32.DLL
_FreeEnvironmentStringsA@4          KERNEL32.DLL
_GetModuleHandleA@4                 KERNEL32.DLL
_ExitProcess@4                      KERNEL32.DLL
_RtlUnwind@16                       KERNEL32.DLL
_GetFullPathNameA@16                KERNEL32.DLL
_GetFileType@4                      KERNEL32.DLL
_GetFileInformationByHandle@8       KERNEL32.DLL
_GetFileTime@16                     KERNEL32.DLL
_GetFileSize@8                      KERNEL32.DLL
_CreateFileA@28                     KERNEL32.DLL
_CloseHandle@4                      KERNEL32.DLL
_GetLastError@0                     KERNEL32.DLL
_GetDriveTypeA@4                    KERNEL32.DLL
_FindFirstFileA@8                   KERNEL32.DLL
_FindClose@4                        KERNEL32.DLL
_SetFilePointer@16                  KERNEL32.DLL
_WriteFile@20                       KERNEL32.DLL
_SetStdHandle@8                     KERNEL32.DLL
_CreateEventA@16                    KERNEL32.DLL
_GetStdHandle@4                     KERNEL32.DLL
_GetModuleFileNameW@12              KERNEL32.DLL
_MultiByteToWideChar@24             KERNEL32.DLL
_LoadLibraryA@4                     KERNEL32.DLL
_GetProcAddress@8                   KERNEL32.DLL
_SetUnhandledExceptionFilter@4      KERNEL32.DLL
_UnhandledExceptionFilter@4         KERNEL32.DLL
_VirtualQuery@12                    KERNEL32.DLL
_GetCurrentThreadId@0               KERNEL32.DLL
_SetConsoleCtrlHandler@8            KERNEL32.DLL
_TlsGetValue@4                      KERNEL32.DLL
_TlsSetValue@8                      KERNEL32.DLL
_GetFileAttributesA@4               KERNEL32.DLL
_GetCurrentDirectoryA@8             KERNEL32.DLL
_FileTimeToLocalFileTime@8          KERNEL32.DLL
_FileTimeToDosDateTime@12           KERNEL32.DLL
_DosDateTimeToFileTime@12           KERNEL32.DLL
_LocalFileTimeToFileTime@8          KERNEL32.DLL
_FindNextFileA@8                    KERNEL32.DLL
_FormatMessageA@28                  KERNEL32.DLL
_DeleteFileA@4                      KERNEL32.DLL
_SetEndOfFile@4                     KERNEL32.DLL
_ReadFile@20                        KERNEL32.DLL
_InitializeCriticalSection@4        KERNEL32.DLL
_DeleteCriticalSection@4            KERNEL32.DLL
_LeaveCriticalSection@4             KERNEL32.DLL
_EnterCriticalSection@4             KERNEL32.DLL
_SetLastError@4                     KERNEL32.DLL
_TlsAlloc@0                         KERNEL32.DLL
_TlsFree@4                          KERNEL32.DLL
_VirtualAlloc@16                    KERNEL32.DLL
_VirtualFree@12                     KERNEL32.DLL
_CreateThread@24                    KERNEL32.DLL
_ResumeThread@4                     KERNEL32.DLL
_ExitThread@4                       KERNEL32.DLL
_GetTimeZoneInformation@4           KERNEL32.DLL
_GetACP@0                           KERNEL32.DLL
_GetOEMCP@0                         KERNEL32.DLL
_GetCPInfo@8                        KERNEL32.DLL
_CharUpperA@4                       USER32.DLL
_SetEnvironmentVariableA@8          KERNEL32.DLL
_FlushFileBuffers@4                 KERNEL32.DLL
_WideCharToMultiByte@32             KERNEL32.DLL
_SetEnvironmentVariableW@8          KERNEL32.DLL


                        +--------------------+
                        |   Libraries Used   |
                        +--------------------+

C:\WATCOM/lib386/nt\kernel32.lib
C:\WATCOM/lib386/nt\user32.lib
C:\WATCOM/lib386/nt\flib7.lib
C:\WATCOM/lib386\math387r.lib
C:\WATCOM/lib386/nt\clib3r.lib
C:\WATCOM/lib386/nt\emu387.lib


                        +-----------------------+
                        |   Linker Statistics   |
                        +-----------------------+

Stack size:  00010000 (65536.)
Memory size:  0002703c (159804.)
Entry point address: 00401886
Link time: 00:00.96
